
Discarded input sections

 .text          0x00000000       0x14 ../Libraries/Stm32F10x_Fwlib/startup/startup_stm32f10x_md.o
 .data          0x00000000        0x0 ../Libraries/Stm32F10x_Fwlib/startup/startup_stm32f10x_md.o
 .bss           0x00000000        0x0 ../Libraries/Stm32F10x_Fwlib/startup/startup_stm32f10x_md.o
 .text          0x00000000        0x0 ../Libraries/Stm32F10x_Fwlib/CMSIS/system_stm32f10x.o
 .data          0x00000000        0x0 ../Libraries/Stm32F10x_Fwlib/CMSIS/system_stm32f10x.o
 .bss           0x00000000        0x0 ../Libraries/Stm32F10x_Fwlib/CMSIS/system_stm32f10x.o
 .text.SystemCoreClockUpdate
                0x00000000       0x5c ../Libraries/Stm32F10x_Fwlib/CMSIS/system_stm32f10x.o
 .data.AHBPrescTable
                0x00000000       0x10 ../Libraries/Stm32F10x_Fwlib/CMSIS/system_stm32f10x.o
 .text          0x00000000        0x0 ../Libraries/Stm32F10x_Fwlib/CMSIS/core_cm3.o
 .data          0x00000000        0x0 ../Libraries/Stm32F10x_Fwlib/CMSIS/core_cm3.o
 .bss           0x00000000        0x0 ../Libraries/Stm32F10x_Fwlib/CMSIS/core_cm3.o
 .text.__get_PSP
                0x00000000        0x8 ../Libraries/Stm32F10x_Fwlib/CMSIS/core_cm3.o
 .text.__set_PSP
                0x00000000        0x6 ../Libraries/Stm32F10x_Fwlib/CMSIS/core_cm3.o
 .text.__get_MSP
                0x00000000        0x8 ../Libraries/Stm32F10x_Fwlib/CMSIS/core_cm3.o
 .text.__set_MSP
                0x00000000        0x6 ../Libraries/Stm32F10x_Fwlib/CMSIS/core_cm3.o
 .text.__get_BASEPRI
                0x00000000        0x6 ../Libraries/Stm32F10x_Fwlib/CMSIS/core_cm3.o
 .text.__set_BASEPRI
                0x00000000        0x6 ../Libraries/Stm32F10x_Fwlib/CMSIS/core_cm3.o
 .text.__get_PRIMASK
                0x00000000        0x6 ../Libraries/Stm32F10x_Fwlib/CMSIS/core_cm3.o
 .text.__set_PRIMASK
                0x00000000        0x6 ../Libraries/Stm32F10x_Fwlib/CMSIS/core_cm3.o
 .text.__get_FAULTMASK
                0x00000000        0x6 ../Libraries/Stm32F10x_Fwlib/CMSIS/core_cm3.o
 .text.__set_FAULTMASK
                0x00000000        0x6 ../Libraries/Stm32F10x_Fwlib/CMSIS/core_cm3.o
 .text.__get_CONTROL
                0x00000000        0x6 ../Libraries/Stm32F10x_Fwlib/CMSIS/core_cm3.o
 .text.__set_CONTROL
                0x00000000        0x6 ../Libraries/Stm32F10x_Fwlib/CMSIS/core_cm3.o
 .text.__REV    0x00000000        0x4 ../Libraries/Stm32F10x_Fwlib/CMSIS/core_cm3.o
 .text.__REV16  0x00000000        0x4 ../Libraries/Stm32F10x_Fwlib/CMSIS/core_cm3.o
 .text.__REVSH  0x00000000        0x4 ../Libraries/Stm32F10x_Fwlib/CMSIS/core_cm3.o
 .text.__RBIT   0x00000000        0x6 ../Libraries/Stm32F10x_Fwlib/CMSIS/core_cm3.o
 .text.__LDREXB
                0x00000000        0x8 ../Libraries/Stm32F10x_Fwlib/CMSIS/core_cm3.o
 .text.__LDREXH
                0x00000000        0x8 ../Libraries/Stm32F10x_Fwlib/CMSIS/core_cm3.o
 .text.__LDREXW
                0x00000000        0x6 ../Libraries/Stm32F10x_Fwlib/CMSIS/core_cm3.o
 .text.__STREXB
                0x00000000        0x8 ../Libraries/Stm32F10x_Fwlib/CMSIS/core_cm3.o
 .text.__STREXH
                0x00000000        0x8 ../Libraries/Stm32F10x_Fwlib/CMSIS/core_cm3.o
 .text.__STREXW
                0x00000000        0x6 ../Libraries/Stm32F10x_Fwlib/CMSIS/core_cm3.o
 .debug_info    0x00000000      0x647 ../Libraries/Stm32F10x_Fwlib/CMSIS/core_cm3.o
 .debug_abbrev  0x00000000       0xd3 ../Libraries/Stm32F10x_Fwlib/CMSIS/core_cm3.o
 .debug_loc     0x00000000      0x3a2 ../Libraries/Stm32F10x_Fwlib/CMSIS/core_cm3.o
 .debug_aranges
                0x00000000       0xc8 ../Libraries/Stm32F10x_Fwlib/CMSIS/core_cm3.o
 .debug_ranges  0x00000000       0xb8 ../Libraries/Stm32F10x_Fwlib/CMSIS/core_cm3.o
 .debug_line    0x00000000      0x37b ../Libraries/Stm32F10x_Fwlib/CMSIS/core_cm3.o
 .debug_str     0x00000000      0x375 ../Libraries/Stm32F10x_Fwlib/CMSIS/core_cm3.o
 .comment       0x00000000       0x77 ../Libraries/Stm32F10x_Fwlib/CMSIS/core_cm3.o
 .debug_frame   0x00000000      0x170 ../Libraries/Stm32F10x_Fwlib/CMSIS/core_cm3.o
 .ARM.attributes
                0x00000000       0x2d ../Libraries/Stm32F10x_Fwlib/CMSIS/core_cm3.o
 .text          0x00000000        0x0 ../Libraries/Stm32F10x_Fwlib/STM32F10x_StdPeriph_Driver/src/stm32f10x_gpio.o
 .data          0x00000000        0x0 ../Libraries/Stm32F10x_Fwlib/STM32F10x_StdPeriph_Driver/src/stm32f10x_gpio.o
 .bss           0x00000000        0x0 ../Libraries/Stm32F10x_Fwlib/STM32F10x_StdPeriph_Driver/src/stm32f10x_gpio.o
 .text.GPIO_DeInit
                0x00000000       0xb8 ../Libraries/Stm32F10x_Fwlib/STM32F10x_StdPeriph_Driver/src/stm32f10x_gpio.o
 .text.GPIO_AFIODeInit
                0x00000000       0x16 ../Libraries/Stm32F10x_Fwlib/STM32F10x_StdPeriph_Driver/src/stm32f10x_gpio.o
 .text.GPIO_StructInit
                0x00000000        0xe ../Libraries/Stm32F10x_Fwlib/STM32F10x_StdPeriph_Driver/src/stm32f10x_gpio.o
 .text.GPIO_ReadInputDataBit
[...]
Memory Configuration

Name             Origin             Length             Attributes
flash            0x08000000         0x00010000         xr
ram              0x20000000         0x00005000         xrw
*default*        0x00000000         0xffffffff

Linker script and memory map

LOAD ../Libraries/Stm32F10x_Fwlib/startup/startup_stm32f10x_md.o
LOAD ../Libraries/Stm32F10x_Fwlib/CMSIS/system_stm32f10x.o
LOAD ../Libraries/Stm32F10x_Fwlib/CMSIS/core_cm3.o
LOAD ../Libraries/Stm32F10x_Fwlib/STM32F10x_StdPeriph_Driver/src/stm32f10x_gpio.o
LOAD ../Libraries/Stm32F10x_Fwlib/STM32F10x_StdPeriph_Driver/src/stm32f10x_fsmc.o
LOAD ../Libraries/Stm32F10x_Fwlib/STM32F10x_StdPeriph_Driver/src/stm32f10x_exti.o
LOAD ../Libraries/Stm32F10x_Fwlib/STM32F10x_StdPeriph_Driver/src/stm32f10x_bkp.o
LOAD ../Libraries/Stm32F10x_Fwlib/STM32F10x_StdPeriph_Driver/src/stm32f10x_spi.o
LOAD ../Libraries/Stm32F10x_Fwlib/STM32F10x_StdPeriph_Driver/src/stm32f10x_adc.o
LOAD ../Libraries/Stm32F10x_Fwlib/STM32F10x_StdPeriph_Driver/src/stm32f10x_iwdg.o
LOAD ../Libraries/Stm32F10x_Fwlib/STM32F10x_StdPeriph_Driver/src/misc.o
LOAD ../Libraries/Stm32F10x_Fwlib/STM32F10x_StdPeriph_Driver/src/stm32f10x_cec.o
LOAD ../Libraries/Stm32F10x_Fwlib/STM32F10x_StdPeriph_Driver/src/stm32f10x_wwdg.o
LOAD ../Libraries/Stm32F10x_Fwlib/STM32F10x_StdPeriph_Driver/src/stm32f10x_tim.o
LOAD ../Libraries/Stm32F10x_Fwlib/STM32F10x_StdPeriph_Driver/src/stm32f10x_usart.o
LOAD ../Libraries/Stm32F10x_Fwlib/STM32F10x_StdPeriph_Driver/src/stm32f10x_crc.o
LOAD ../Libraries/Stm32F10x_Fwlib/STM32F10x_StdPeriph_Driver/src/stm32f10x_rtc.o
LOAD ../Libraries/Stm32F10x_Fwlib/STM32F10x_StdPeriph_Driver/src/stm32f10x_flash.o
LOAD ../Libraries/Stm32F10x_Fwlib/STM32F10x_StdPeriph_Driver/src/stm32f10x_rcc.o
LOAD ../Libraries/Stm32F10x_Fwlib/STM32F10x_StdPeriph_Driver/src/stm32f10x_sdio.o
LOAD ../Libraries/Stm32F10x_Fwlib/STM32F10x_StdPeriph_Driver/src/stm32f10x_i2c.o
LOAD ../Libraries/Stm32F10x_Fwlib/STM32F10x_StdPeriph_Driver/src/stm32f10x_pwr.o
LOAD ../Libraries/Stm32F10x_Fwlib/STM32F10x_StdPeriph_Driver/src/stm32f10x_can.o
LOAD ../Libraries/Stm32F10x_Fwlib/STM32F10x_StdPeriph_Driver/src/stm32f10x_dac.o
LOAD ../Libraries/Stm32F10x_Fwlib/STM32F10x_StdPeriph_Driver/src/stm32f10x_dbgmcu.o
LOAD ../Libraries/Stm32F10x_Fwlib/STM32F10x_StdPeriph_Driver/src/stm32f10x_dma.o
LOAD ../Drivers/stm32_delay.o
LOAD ../User/main.o
LOAD ../User/stm32f10x_it.o
LOAD c:/program files (x86)/gnu tools arm embedded/8 2019-q3-update/bin/../lib/gcc/arm-none-eabi/8.3.1/../../../../arm-none-eabi/lib/thumb/v7-m/nofp\libm.a
START GROUP
LOAD c:/program files (x86)/gnu tools arm embedded/8 2019-q3-update/bin/../lib/gcc/arm-none-eabi/8.3.1/thumb/v7-m/nofp\libgcc.a
LOAD c:/program files (x86)/gnu tools arm embedded/8 2019-q3-update/bin/../lib/gcc/arm-none-eabi/8.3.1/../../../../arm-none-eabi/lib/thumb/v7-m/nofp\libg.a
LOAD c:/program files (x86)/gnu tools arm embedded/8 2019-q3-update/bin/../lib/gcc/arm-none-eabi/8.3.1/../../../../arm-none-eabi/lib/thumb/v7-m/nofp\libc.a
END GROUP
START GROUP
LOAD c:/program files (x86)/gnu tools arm embedded/8 2019-q3-update/bin/../lib/gcc/arm-none-eabi/8.3.1/thumb/v7-m/nofp\libgcc.a
LOAD c:/program files (x86)/gnu tools arm embedded/8 2019-q3-update/bin/../lib/gcc/arm-none-eabi/8.3.1/../../../../arm-none-eabi/lib/thumb/v7-m/nofp\libc.a
LOAD c:/program files (x86)/gnu tools arm embedded/8 2019-q3-update/bin/../lib/gcc/arm-none-eabi/8.3.1/../../../../arm-none-eabi/lib/thumb/v7-m/nofp\librdimon.a
END GROUP
                0x00000200                _heap_size = 0x200
                0x00000400                _stack_size = 0x400
                0x20005000                _estack = (ORIGIN (ram) + LENGTH (ram))

.isr_vector     0x08000000      0x10c
                0x08000000                __isr_vector_start__ = .
 *(.isr_vector)
 .isr_vector    0x08000000      0x10c ../Libraries/Stm32F10x_Fwlib/startup/startup_stm32f10x_md.o
                0x08000000                g_pfnVectors
                0x00000001                ASSERT ((. != __isr_vector_start__), The .isr_vector section is empty)

.text           0x0800010c      0x300
                0x0800010c                . = ALIGN (0x4)
                0x0800010c                _stext = .
 *(.text*)
 .text.Reset_Handler
                0x0800010c       0x44 ../Libraries/Stm32F10x_Fwlib/startup/startup_stm32f10x_md.o
                0x0800010c                Reset_Handler
 .text.Default_Handler
                0x08000150        0x2 ../Libraries/Stm32F10x_Fwlib/startup/startup_stm32f10x_md.o
                0x08000150                EXTI2_IRQHandler
                0x08000150                TIM1_CC_IRQHandler
                0x08000150                PVD_IRQHandler
                0x08000150                EXTI3_IRQHandler
                0x08000150                EXTI0_IRQHandler
                0x08000150                I2C2_EV_IRQHandler
                0x08000150                ADC1_2_IRQHandler
                0x08000150                SPI1_IRQHandler
                0x08000150                TAMPER_IRQHandler
                0x08000150                DMA1_Channel4_IRQHandler
                0x08000150                USART3_IRQHandler
                0x08000150                RTC_IRQHandler
                0x08000150                DMA1_Channel7_IRQHandler
                0x08000150                CAN1_RX1_IRQHandler
                0x08000150                TIM4_IRQHandler
                0x08000150                I2C1_EV_IRQHandler
                0x08000150                DMA1_Channel6_IRQHandler
                0x08000150                TIM3_IRQHandler
                0x08000150                RCC_IRQHandler
                0x08000150                TIM1_TRG_COM_IRQHandler
                0x08000150                DMA1_Channel1_IRQHandler
                0x08000150                Default_Handler
                0x08000150                EXTI15_10_IRQHandler
                0x08000150                EXTI9_5_IRQHandler
                0x08000150                SPI2_IRQHandler
                0x08000150                DMA1_Channel5_IRQHandler
                0x08000150                EXTI4_IRQHandler
                0x08000150                USB_LP_CAN1_RX0_IRQHandler
                0x08000150                USB_HP_CAN1_TX_IRQHandler
                0x08000150                DMA1_Channel3_IRQHandler
                0x08000150                TIM1_UP_IRQHandler
                0x08000150                WWDG_IRQHandler
                0x08000150                TIM2_IRQHandler
                0x08000150                TIM1_BRK_IRQHandler
                0x08000150                EXTI1_IRQHandler
                0x08000150                RTCAlarm_IRQHandler
                0x08000150                USART2_IRQHandler
                0x08000150                I2C2_ER_IRQHandler
                0x08000150                DMA1_Channel2_IRQHandler
                0x08000150                CAN1_SCE_IRQHandler
                0x08000150                FLASH_IRQHandler
                0x08000150                USART1_IRQHandler
                0x08000150                I2C1_ER_IRQHandler
                0x08000150                USBWakeUp_IRQHandler
 *fill*         0x08000152        0x2 
 .text.SystemInit
                0x08000154       0xf0 ../Libraries/Stm32F10x_Fwlib/CMSIS/system_stm32f10x.o
                0x08000154                SystemInit
 .text.GPIO_Init
                0x08000244       0xa2 ../Libraries/Stm32F10x_Fwlib/STM32F10x_StdPeriph_Driver/src/stm32f10x_gpio.o
                0x08000244                GPIO_Init
 .text.GPIO_SetBits
                0x080002e6        0x4 ../Libraries/Stm32F10x_Fwlib/STM32F10x_StdPeriph_Driver/src/stm32f10x_gpio.o
                0x080002e6                GPIO_SetBits
 .text.GPIO_ResetBits
                0x080002ea        0x4 ../Libraries/Stm32F10x_Fwlib/STM32F10x_StdPeriph_Driver/src/stm32f10x_gpio.o
                0x080002ea                GPIO_ResetBits
 *fill*         0x080002ee        0x2 
 .text.SysTick_CLKSourceConfig
                0x080002f0       0x18 ../Libraries/Stm32F10x_Fwlib/STM32F10x_StdPeriph_Driver/src/misc.o
                0x080002f0                SysTick_CLKSourceConfig
 .text.RCC_APB2PeriphClockCmd
                0x08000308       0x1c ../Libraries/Stm32F10x_Fwlib/STM32F10x_StdPeriph_Driver/src/stm32f10x_rcc.o
                0x08000308                RCC_APB2PeriphClockCmd
 .text.Delay_Init
                0x08000324       0x34 ../Drivers/stm32_delay.o
                0x08000324                Delay_Init
 .text.Delay_Ms
                0x08000358       0x38 ../Drivers/stm32_delay.o
                0x08000358                Delay_Ms
 .text.LED_Init
                0x08000390       0x28 ../User/main.o
                0x08000390                LED_Init
 .text.startup.main
                0x080003b8       0x40 ../User/main.o
                0x080003b8                main
 .text.NMI_Handler
                0x080003f8        0x2 ../User/stm32f10x_it.o
                0x080003f8                NMI_Handler
 .text.HardFault_Handler
                0x080003fa        0x2 ../User/stm32f10x_it.o
                0x080003fa                HardFault_Handler
 .text.MemManage_Handler
                0x080003fc        0x2 ../User/stm32f10x_it.o
                0x080003fc                MemManage_Handler
 .text.BusFault_Handler
                0x080003fe        0x2 ../User/stm32f10x_it.o
                0x080003fe                BusFault_Handler
 .text.UsageFault_Handler
                0x08000400        0x2 ../User/stm32f10x_it.o
                0x08000400                UsageFault_Handler
 .text.SVC_Handler
                0x08000402        0x2 ../User/stm32f10x_it.o
                0x08000402                SVC_Handler
 .text.DebugMon_Handler
                0x08000404        0x2 ../User/stm32f10x_it.o
                0x08000404                DebugMon_Handler
 .text.PendSV_Handler
                0x08000406        0x2 ../User/stm32f10x_it.o
                0x08000406                PendSV_Handler
 .text.SysTick_Handler
                0x08000408        0x2 ../User/stm32f10x_it.o
                0x08000408                SysTick_Handler
 *(.rodata*)
 *(.init)
 *(.fini)
                0x0800040c                . = ALIGN (0x4)
 *fill*         0x0800040a        0x2 
                0x0800040c                _etext = .

.glue_7         0x0800040c        0x0
 .glue_7        0x0800040c        0x0 linker stubs

.glue_7t        0x0800040c        0x0
 .glue_7t       0x0800040c        0x0 linker stubs

.vfp11_veneer   0x0800040c        0x0
 .vfp11_veneer  0x0800040c        0x0 linker stubs

.v4_bx          0x0800040c        0x0
 .v4_bx         0x0800040c        0x0 linker stubs

.iplt           0x0800040c        0x0
 .iplt          0x0800040c        0x0 ../Libraries/Stm32F10x_Fwlib/startup/startup_stm32f10x_md.o

.rel.dyn        0x0800040c        0x0
 .rel.iplt      0x0800040c        0x0 ../Libraries/Stm32F10x_Fwlib/startup/startup_stm32f10x_md.o

.ARM.extab
 *(.ARM.extab*)

.ARM.exidx
 *(.ARM.exidx*)

.preinit_array  0x0800040c        0x0
                [!provide]                PROVIDE (__preinit_array_start = .)
 *(.preinit_array*)
                [!provide]                PROVIDE (__preinit_array_end = .)

.init_array     0x0800040c        0x0
                [!provide]                PROVIDE (__init_array_start = .)
 *(SORT_BY_NAME(.init_array.*))
 *(.init_array*)
                [!provide]                PROVIDE (__init_array_end = .)

.fini_array     0x0800040c        0x0
                [!provide]                PROVIDE (__fini_array_start = .)
 *(SORT_BY_NAME(.fini_array.*))
 *(.fini_array*)
                [!provide]                PROVIDE (__fini_array_end = .)
                0x0800040c                _sidata = .

.data           0x20000000        0x4 load address 0x0800040c
                0x20000000                . = ALIGN (0x4)
                0x20000000                _sdata = .
 *(.data*)
 .data.SystemCoreClock
                0x20000000        0x4 ../Libraries/Stm32F10x_Fwlib/CMSIS/system_stm32f10x.o
                0x20000000                SystemCoreClock
                0x20000004                . = ALIGN (0x4)
                0x20000004                _edata = .

.igot.plt       0x20000004        0x0 load address 0x08000410
 .igot.plt      0x20000004        0x0 ../Libraries/Stm32F10x_Fwlib/startup/startup_stm32f10x_md.o

.bss            0x20000004        0x8 load address 0x08000410
                0x20000004                . = ALIGN (0x4)
                0x20000004                _sbss = .
 *(.bss*)
 .bss.fac_ms    0x20000004        0x4 ../Drivers/stm32_delay.o
                0x20000004                fac_ms
 .bss.fac_us    0x20000008        0x4 ../Drivers/stm32_delay.o
                0x20000008                fac_us
 *(COMMON)
                0x2000000c                . = ALIGN (0x4)
                0x2000000c                _ebss = .
                0x2000000c                . = ALIGN (0x4)
                0x2000000c                end = .

._heap          0x2000000c      0x200 load address 0x08000418
                0x2000000c                . = ALIGN (0x4)
                0x2000020c                . = (. + _heap_size)
 *fill*         0x2000000c      0x200 
                0x2000020c                . = ALIGN (0x4)

._stack         0x2000020c      0x400 load address 0x08000618
                0x2000020c                . = ALIGN (0x4)
                0x2000060c                . = (. + _stack_size)
 *fill*         0x2000020c      0x400 
                0x2000060c                . = ALIGN (0x4)
                0x0000010c                __isr_vector_size__ = SIZEOF (.isr_vector)
                0x00000300                __text_size__ = SIZEOF (.text)
                0x00000004                __data_size__ = SIZEOF (.data)
                0x00000008                __bss_size__ = SIZEOF (.bss)
OUTPUT(Stm32.elf elf32-littlearm)

.ARM.attributes
                0x00000000       0x2f
 .ARM.attributes
                0x00000000       0x21 ../Libraries/Stm32F10x_Fwlib/startup/startup_stm32f10x_md.o
 .ARM.attributes
                0x00000021       0x2d ../Libraries/Stm32F10x_Fwlib/CMSIS/system_stm32f10x.o
 .ARM.attributes
                0x0000004e       0x2d ../Libraries/Stm32F10x_Fwlib/STM32F10x_StdPeriph_Driver/src/stm32f10x_gpio.o
 .ARM.attributes
                0x0000007b       0x2d ../Libraries/Stm32F10x_Fwlib/STM32F10x_StdPeriph_Driver/src/misc.o
 .ARM.attributes
                0x000000a8       0x2d ../Libraries/Stm32F10x_Fwlib/STM32F10x_StdPeriph_Driver/src/stm32f10x_rcc.o
 .ARM.attributes
                0x000000d5       0x2d ../Drivers/stm32_delay.o
 .ARM.attributes
                0x00000102       0x2d ../User/main.o
 .ARM.attributes
                0x0000012f       0x2d ../User/stm32f10x_it.o

.comment        0x00000000       0x76
 .comment       0x00000000       0x76 ../Libraries/Stm32F10x_Fwlib/CMSIS/system_stm32f10x.o
                                 0x77 (size before relaxing)
 .comment       0x00000076       0x77 ../Libraries/Stm32F10x_Fwlib/STM32F10x_StdPeriph_Driver/src/stm32f10x_gpio.o
 .comment       0x00000076       0x77 ../Libraries/Stm32F10x_Fwlib/STM32F10x_StdPeriph_Driver/src/misc.o
 .comment       0x00000076       0x77 ../Libraries/Stm32F10x_Fwlib/STM32F10x_StdPeriph_Driver/src/stm32f10x_rcc.o
 .comment       0x00000076       0x77 ../Drivers/stm32_delay.o
 .comment       0x00000076       0x77 ../User/main.o
 .comment       0x00000076       0x77 ../User/stm32f10x_it.o

.debug_line     0x00000000     0x1dd2
 .debug_line    0x00000000       0x97 ../Libraries/Stm32F10x_Fwlib/startup/startup_stm32f10x_md.o
 .debug_line    0x00000097      0x357 ../Libraries/Stm32F10x_Fwlib/CMSIS/system_stm32f10x.o
 .debug_line    0x000003ee      0x70d ../Libraries/Stm32F10x_Fwlib/STM32F10x_StdPeriph_Driver/src/stm32f10x_gpio.o
 .debug_line    0x00000afb      0x31e ../Libraries/Stm32F10x_Fwlib/STM32F10x_StdPeriph_Driver/src/misc.o
 .debug_line    0x00000e19      0x8d9 ../Libraries/Stm32F10x_Fwlib/STM32F10x_StdPeriph_Driver/src/stm32f10x_rcc.o
 .debug_line    0x000016f2      0x297 ../Drivers/stm32_delay.o
 .debug_line    0x00001989      0x26b ../User/main.o
 .debug_line    0x00001bf4      0x1de ../User/stm32f10x_it.o

.debug_info     0x00000000     0x2563
 .debug_info    0x00000000       0x22 ../Libraries/Stm32F10x_Fwlib/startup/startup_stm32f10x_md.o
 .debug_info    0x00000022      0x528 ../Libraries/Stm32F10x_Fwlib/CMSIS/system_stm32f10x.o
 .debug_info    0x0000054a      0x91b ../Libraries/Stm32F10x_Fwlib/STM32F10x_StdPeriph_Driver/src/stm32f10x_gpio.o
 .debug_info    0x00000e65      0x5b9 ../Libraries/Stm32F10x_Fwlib/STM32F10x_StdPeriph_Driver/src/misc.o
 .debug_info    0x0000141e      0xa6f ../Libraries/Stm32F10x_Fwlib/STM32F10x_StdPeriph_Driver/src/stm32f10x_rcc.o
 .debug_info    0x00001e8d      0x207 ../Drivers/stm32_delay.o
 .debug_info    0x00002094      0x389 ../User/main.o
 .debug_info    0x0000241d      0x146 ../User/stm32f10x_it.o

.debug_abbrev   0x00000000      0xc53
 .debug_abbrev  0x00000000       0x12 ../Libraries/Stm32F10x_Fwlib/startup/startup_stm32f10x_md.o
 .debug_abbrev  0x00000012      0x206 ../Libraries/Stm32F10x_Fwlib/CMSIS/system_stm32f10x.o
 .debug_abbrev  0x00000218      0x281 ../Libraries/Stm32F10x_Fwlib/STM32F10x_StdPeriph_Driver/src/stm32f10x_gpio.o
 .debug_abbrev  0x00000499      0x1ba ../Libraries/Stm32F10x_Fwlib/STM32F10x_StdPeriph_Driver/src/misc.o
 .debug_abbrev  0x00000653      0x266 ../Libraries/Stm32F10x_Fwlib/STM32F10x_StdPeriph_Driver/src/stm32f10x_rcc.o
 .debug_abbrev  0x000008b9      0x14b ../Drivers/stm32_delay.o
 .debug_abbrev  0x00000a04      0x199 ../User/main.o
 .debug_abbrev  0x00000b9d       0xb6 ../User/stm32f10x_it.o

.debug_aranges  0x00000000      0x2e8
 .debug_aranges
                0x00000000       0x28 ../Libraries/Stm32F10x_Fwlib/startup/startup_stm32f10x_md.o
 .debug_aranges
                0x00000028       0x28 ../Libraries/Stm32F10x_Fwlib/CMSIS/system_stm32f10x.o
 .debug_aranges
                0x00000050       0xa8 ../Libraries/Stm32F10x_Fwlib/STM32F10x_StdPeriph_Driver/src/stm32f10x_gpio.o
 .debug_aranges
                0x000000f8       0x40 ../Libraries/Stm32F10x_Fwlib/STM32F10x_StdPeriph_Driver/src/misc.o
 .debug_aranges
                0x00000138      0x118 ../Libraries/Stm32F10x_Fwlib/STM32F10x_StdPeriph_Driver/src/stm32f10x_rcc.o
 .debug_aranges
                0x00000250       0x30 ../Drivers/stm32_delay.o
 .debug_aranges
                0x00000280       0x28 ../User/main.o
 .debug_aranges
                0x000002a8       0x40 ../User/stm32f10x_it.o

.debug_str      0x00000000      0xe30
 .debug_str     0x00000000       0x8c ../Libraries/Stm32F10x_Fwlib/startup/startup_stm32f10x_md.o
 .debug_str     0x0000008c      0x2c6 ../Libraries/Stm32F10x_Fwlib/CMSIS/system_stm32f10x.o
                                0x36f (size before relaxing)
 .debug_str     0x00000352      0x3e1 ../Libraries/Stm32F10x_Fwlib/STM32F10x_StdPeriph_Driver/src/stm32f10x_gpio.o
                                0x5e8 (size before relaxing)
 .debug_str     0x00000733      0x1fd ../Libraries/Stm32F10x_Fwlib/STM32F10x_StdPeriph_Driver/src/misc.o
                                0x470 (size before relaxing)
 .debug_str     0x00000930      0x3dc ../Libraries/Stm32F10x_Fwlib/STM32F10x_StdPeriph_Driver/src/stm32f10x_rcc.o
                                0x6d2 (size before relaxing)
 .debug_str     0x00000d0c       0x49 ../Drivers/stm32_delay.o
                                0x273 (size before relaxing)
 .debug_str     0x00000d55       0x34 ../User/main.o
                                0x3a6 (size before relaxing)
 .debug_str     0x00000d89       0xa7 ../User/stm32f10x_it.o
                                0x288 (size before relaxing)

.debug_ranges   0x00000000      0x288
 .debug_ranges  0x00000000       0x20 ../Libraries/Stm32F10x_Fwlib/startup/startup_stm32f10x_md.o
 .debug_ranges  0x00000020       0x30 ../Libraries/Stm32F10x_Fwlib/CMSIS/system_stm32f10x.o
 .debug_ranges  0x00000050       0x98 ../Libraries/Stm32F10x_Fwlib/STM32F10x_StdPeriph_Driver/src/stm32f10x_gpio.o
 .debug_ranges  0x000000e8       0x30 ../Libraries/Stm32F10x_Fwlib/STM32F10x_StdPeriph_Driver/src/misc.o
 .debug_ranges  0x00000118      0x108 ../Libraries/Stm32F10x_Fwlib/STM32F10x_StdPeriph_Driver/src/stm32f10x_rcc.o
 .debug_ranges  0x00000220       0x20 ../Drivers/stm32_delay.o
 .debug_ranges  0x00000240       0x18 ../User/main.o
 .debug_ranges  0x00000258       0x30 ../User/stm32f10x_it.o

.debug_loc      0x00000000     0x121c
 .debug_loc     0x00000000       0xe4 ../Libraries/Stm32F10x_Fwlib/CMSIS/system_stm32f10x.o
 .debug_loc     0x000000e4      0x71b ../Libraries/Stm32F10x_Fwlib/STM32F10x_StdPeriph_Driver/src/stm32f10x_gpio.o
 .debug_loc     0x000007ff      0x1bb ../Libraries/Stm32F10x_Fwlib/STM32F10x_StdPeriph_Driver/src/misc.o
 .debug_loc     0x000009ba      0x782 ../Libraries/Stm32F10x_Fwlib/STM32F10x_StdPeriph_Driver/src/stm32f10x_rcc.o
 .debug_loc     0x0000113c       0x94 ../Drivers/stm32_delay.o
 .debug_loc     0x000011d0       0x4c ../User/main.o

.debug_frame    0x00000000      0x55c
 .debug_frame   0x00000000       0x38 ../Libraries/Stm32F10x_Fwlib/CMSIS/system_stm32f10x.o
 .debug_frame   0x00000038      0x170 ../Libraries/Stm32F10x_Fwlib/STM32F10x_StdPeriph_Driver/src/stm32f10x_gpio.o
 .debug_frame   0x000001a8       0x6c ../Libraries/Stm32F10x_Fwlib/STM32F10x_StdPeriph_Driver/src/misc.o
 .debug_frame   0x00000214      0x220 ../Libraries/Stm32F10x_Fwlib/STM32F10x_StdPeriph_Driver/src/stm32f10x_rcc.o
 .debug_frame   0x00000434       0x48 ../Drivers/stm32_delay.o
 .debug_frame   0x0000047c       0x40 ../User/main.o
 .debug_frame   0x000004bc       0xa0 ../User/stm32f10x_it.o

Cross Reference Table

Symbol                                            File
ADC1_2_IRQHandler                                 ../Libraries/Stm32F10x_Fwlib/startup/startup_stm32f10x_md.o
ADC_AnalogWatchdogCmd                             ../Libraries/Stm32F10x_Fwlib/STM32F10x_StdPeriph_Driver/src/stm32f10x_adc.o
ADC_AnalogWatchdogSingleChannelConfig             ../Libraries/Stm32F10x_Fwlib/STM32F10x_StdPeriph_Driver/src/stm32f10x_adc.o
ADC_AnalogWatchdogThresholdsConfig                ../Libraries/Stm32F10x_Fwlib/STM32F10x_StdPeriph_Driver/src/stm32f10x_adc.o
ADC_AutoInjectedConvCmd                           ../Libraries/Stm32F10x_Fwlib/STM32F10x_StdPeriph_Driver/src/stm32f10x_adc.o
ADC_ClearFlag                                     ../Libraries/Stm32F10x_Fwlib/STM32F10x_StdPeriph_Driver/src/stm32f10x_adc.o
ADC_ClearITPendingBit                             ../Libraries/Stm32F10x_Fwlib/STM32F10x_StdPeriph_Driver/src/stm32f10x_adc.o
ADC_Cmd                                           ../Libraries/Stm32F10x_Fwlib/STM32F10x_StdPeriph_Driver/src/stm32f10x_adc.o
ADC_DMACmd                                        ../Libraries/Stm32F10x_Fwlib/STM32F10x_StdPeriph_Driver/src/stm32f10x_adc.o
ADC_DeInit                                        ../Libraries/Stm32F10x_Fwlib/STM32F10x_StdPeriph_Driver/src/stm32f10x_adc.o
ADC_DiscModeChannelCountConfig                    ../Libraries/Stm32F10x_Fwlib/STM32F10x_StdPeriph_Driver/src/stm32f10x_adc.o
ADC_DiscModeCmd                                   ../Libraries/Stm32F10x_Fwlib/STM32F10x_StdPeriph_Driver/src/stm32f10x_adc.o
ADC_ExternalTrigConvCmd                           ../Libraries/Stm32F10x_Fwlib/STM32F10x_StdPeriph_Driver/src/stm32f10x_adc.o
ADC_ExternalTrigInjectedConvCmd                   ../Libraries/Stm32F10x_Fwlib/STM32F10x_StdPeriph_Driver/src/stm32f10x_adc.o
ADC_ExternalTrigInjectedConvConfig                ../Libraries/Stm32F10x_Fwlib/STM32F10x_StdPeriph_Driver/src/stm32f10x_adc.o
ADC_GetCalibrationStatus                          ../Libraries/Stm32F10x_Fwlib/STM32F10x_StdPeriph_Driver/src/stm32f10x_adc.o
ADC_GetConversionValue                            ../Libraries/Stm32F10x_Fwlib/STM32F10x_StdPeriph_Driver/src/stm32f10x_adc.o
ADC_GetDualModeConversionValue                    ../Libraries/Stm32F10x_Fwlib/STM32F10x_StdPeriph_Driver/src/stm32f10x_adc.o
ADC_GetFlagStatus                                 ../Libraries/Stm32F10x_Fwlib/STM32F10x_StdPeriph_Driver/src/stm32f10x_adc.o
ADC_GetITStatus                                   ../Libraries/Stm32F10x_Fwlib/STM32F10x_StdPeriph_Driver/src/stm32f10x_adc.o
ADC_GetInjectedConversionValue                    ../Libraries/Stm32F10x_Fwlib/STM32F10x_StdPeriph_Driver/src/stm32f10x_adc.o
ADC_GetResetCalibrationStatus                     ../Libraries/Stm32F10x_Fwlib/STM32F10x_StdPeriph_Driver/src/stm32f10x_adc.o
ADC_GetSoftwareStartConvStatus                    ../Libraries/Stm32F10x_Fwlib/STM32F10x_StdPeriph_Driver/src/stm32f10x_adc.o
ADC_GetSoftwareStartInjectedConvCmdStatus         ../Libraries/Stm32F10x_Fwlib/STM32F10x_StdPeriph_Driver/src/stm32f10x_adc.o
ADC_ITConfig                                      ../Libraries/Stm32F10x_Fwlib/STM32F10x_StdPeriph_Driver/src/stm32f10x_adc.o
ADC_Init                                          ../Libraries/Stm32F10x_Fwlib/STM32F10x_StdPeriph_Driver/src/stm32f10x_adc.o
ADC_InjectedChannelConfig                         ../Libraries/Stm32F10x_Fwlib/STM32F10x_StdPeriph_Driver/src/stm32f10x_adc.o
ADC_InjectedDiscModeCmd                           ../Libraries/Stm32F10x_Fwlib/STM32F10x_StdPeriph_Driver/src/stm32f10x_adc.o
ADC_InjectedSequencerLengthConfig                 ../Libraries/Stm32F10x_Fwlib/STM32F10x_StdPeriph_Driver/src/stm32f10x_adc.o
ADC_RegularChannelConfig                          ../Libraries/Stm32F10x_Fwlib/STM32F10x_StdPeriph_Driver/src/stm32f10x_adc.o
ADC_ResetCalibration                              ../Libraries/Stm32F10x_Fwlib/STM32F10x_StdPeriph_Driver/src/stm32f10x_adc.o
ADC_SetInjectedOffset                             ../Libraries/Stm32F10x_Fwlib/STM32F10x_StdPeriph_Driver/src/stm32f10x_adc.o
ADC_SoftwareStartConvCmd                          ../Libraries/Stm32F10x_Fwlib/STM32F10x_StdPeriph_Driver/src/stm32f10x_adc.o
ADC_SoftwareStartInjectedConvCmd                  ../Libraries/Stm32F10x_Fwlib/STM32F10x_StdPeriph_Driver/src/stm32f10x_adc.o
ADC_StartCalibration                              ../Libraries/Stm32F10x_Fwlib/STM32F10x_StdPeriph_Driver/src/stm32f10x_adc.o
ADC_StructInit                                    ../Libraries/Stm32F10x_Fwlib/STM32F10x_StdPeriph_Driver/src/stm32f10x_adc.o
ADC_TempSensorVrefintCmd                          ../Libraries/Stm32F10x_Fwlib/STM32F10x_StdPeriph_Driver/src/stm32f10x_adc.o
AHBPrescTable                                     ../Libraries/Stm32F10x_Fwlib/CMSIS/system_stm32f10x.o
BKP_ClearFlag                                     ../Libraries/Stm32F10x_Fwlib/STM32F10x_StdPeriph_Driver/src/stm32f10x_bkp.o
BKP_ClearITPendingBit                             ../Libraries/Stm32F10x_Fwlib/STM32F10x_StdPeriph_Driver/src/stm32f10x_bkp.o
BKP_DeInit                                        ../Libraries/Stm32F10x_Fwlib/STM32F10x_StdPeriph_Driver/src/stm32f10x_bkp.o
BKP_GetFlagStatus                                 ../Libraries/Stm32F10x_Fwlib/STM32F10x_StdPeriph_Driver/src/stm32f10x_bkp.o
BKP_GetITStatus                                   ../Libraries/Stm32F10x_Fwlib/STM32F10x_StdPeriph_Driver/src/stm32f10x_bkp.o
BKP_ITConfig                                      ../Libraries/Stm32F10x_Fwlib/STM32F10x_StdPeriph_Driver/src/stm32f10x_bkp.o
BKP_RTCOutputConfig                               ../Libraries/Stm32F10x_Fwlib/STM32F10x_StdPeriph_Driver/src/stm32f10x_bkp.o
BKP_ReadBackupRegister                            ../Libraries/Stm32F10x_Fwlib/STM32F10x_StdPeriph_Driver/src/stm32f10x_bkp.o
BKP_SetRTCCalibrationValue                        ../Libraries/Stm32F10x_Fwlib/STM32F10x_StdPeriph_Driver/src/stm32f10x_bkp.o
BKP_TamperPinCmd                                  ../Libraries/Stm32F10x_Fwlib/STM32F10x_StdPeriph_Driver/src/stm32f10x_bkp.o
BKP_TamperPinLevelConfig                          ../Libraries/Stm32F10x_Fwlib/STM32F10x_StdPeriph_Driver/src/stm32f10x_bkp.o
BKP_WriteBackupRegister                           ../Libraries/Stm32F10x_Fwlib/STM32F10x_StdPeriph_Driver/src/stm32f10x_bkp.o
BusFault_Handler                                  ../User/stm32f10x_it.o
                                                  ../Libraries/Stm32F10x_Fwlib/startup/startup_stm32f10x_md.o
CAN1_RX1_IRQHandler                               ../Libraries/Stm32F10x_Fwlib/startup/startup_stm32f10x_md.o
CAN1_SCE_IRQHandler                               ../Libraries/Stm32F10x_Fwlib/startup/startup_stm32f10x_md.o
CAN_CancelTransmit                                ../Libraries/Stm32F10x_Fwlib/STM32F10x_StdPeriph_Driver/src/stm32f10x_can.o
CAN_ClearFlag                                     ../Libraries/Stm32F10x_Fwlib/STM32F10x_StdPeriph_Driver/src/stm32f10x_can.o
CAN_ClearITPendingBit                             ../Libraries/Stm32F10x_Fwlib/STM32F10x_StdPeriph_Driver/src/stm32f10x_can.o
CAN_DBGFreeze                                     ../Libraries/Stm32F10x_Fwlib/STM32F10x_StdPeriph_Driver/src/stm32f10x_can.o
CAN_DeInit                                        ../Libraries/Stm32F10x_Fwlib/STM32F10x_StdPeriph_Driver/src/stm32f10x_can.o
CAN_FIFORelease                                   ../Libraries/Stm32F10x_Fwlib/STM32F10x_StdPeriph_Driver/src/stm32f10x_can.o
CAN_FilterInit                                    ../Libraries/Stm32F10x_Fwlib/STM32F10x_StdPeriph_Driver/src/stm32f10x_can.o
CAN_GetFlagStatus                                 ../Libraries/Stm32F10x_Fwlib/STM32F10x_StdPeriph_Driver/src/stm32f10x_can.o
CAN_GetITStatus                                   ../Libraries/Stm32F10x_Fwlib/STM32F10x_StdPeriph_Driver/src/stm32f10x_can.o
CAN_GetLSBTransmitErrorCounter                    ../Libraries/Stm32F10x_Fwlib/STM32F10x_StdPeriph_Driver/src/stm32f10x_can.o
CAN_GetLastErrorCode                              ../Libraries/Stm32F10x_Fwlib/STM32F10x_StdPeriph_Driver/src/stm32f10x_can.o
CAN_GetReceiveErrorCounter                        ../Libraries/Stm32F10x_Fwlib/STM32F10x_StdPeriph_Driver/src/stm32f10x_can.o
CAN_ITConfig                                      ../Libraries/Stm32F10x_Fwlib/STM32F10x_StdPeriph_Driver/src/stm32f10x_can.o
CAN_Init                                          ../Libraries/Stm32F10x_Fwlib/STM32F10x_StdPeriph_Driver/src/stm32f10x_can.o
CAN_MessagePending                                ../Libraries/Stm32F10x_Fwlib/STM32F10x_StdPeriph_Driver/src/stm32f10x_can.o
CAN_OperatingModeRequest                          ../Libraries/Stm32F10x_Fwlib/STM32F10x_StdPeriph_Driver/src/stm32f10x_can.o
CAN_Receive                                       ../Libraries/Stm32F10x_Fwlib/STM32F10x_StdPeriph_Driver/src/stm32f10x_can.o
CAN_SlaveStartBank                                ../Libraries/Stm32F10x_Fwlib/STM32F10x_StdPeriph_Driver/src/stm32f10x_can.o
CAN_Sleep                                         ../Libraries/Stm32F10x_Fwlib/STM32F10x_StdPeriph_Driver/src/stm32f10x_can.o
CAN_StructInit                                    ../Libraries/Stm32F10x_Fwlib/STM32F10x_StdPeriph_Driver/src/stm32f10x_can.o
CAN_TTComModeCmd                                  ../Libraries/Stm32F10x_Fwlib/STM32F10x_StdPeriph_Driver/src/stm32f10x_can.o
CAN_Transmit                                      ../Libraries/Stm32F10x_Fwlib/STM32F10x_StdPeriph_Driver/src/stm32f10x_can.o
CAN_TransmitStatus                                ../Libraries/Stm32F10x_Fwlib/STM32F10x_StdPeriph_Driver/src/stm32f10x_can.o
CAN_WakeUp                                        ../Libraries/Stm32F10x_Fwlib/STM32F10x_StdPeriph_Driver/src/stm32f10x_can.o
CEC_ClearFlag                                     ../Libraries/Stm32F10x_Fwlib/STM32F10x_StdPeriph_Driver/src/stm32f10x_cec.o
CEC_ClearITPendingBit                             ../Libraries/Stm32F10x_Fwlib/STM32F10x_StdPeriph_Driver/src/stm32f10x_cec.o
CEC_Cmd                                           ../Libraries/Stm32F10x_Fwlib/STM32F10x_StdPeriph_Driver/src/stm32f10x_cec.o
CEC_DeInit                                        ../Libraries/Stm32F10x_Fwlib/STM32F10x_StdPeriph_Driver/src/stm32f10x_cec.o
CEC_EndOfMessageCmd                               ../Libraries/Stm32F10x_Fwlib/STM32F10x_StdPeriph_Driver/src/stm32f10x_cec.o
CEC_GetFlagStatus                                 ../Libraries/Stm32F10x_Fwlib/STM32F10x_StdPeriph_Driver/src/stm32f10x_cec.o
CEC_GetITStatus                                   ../Libraries/Stm32F10x_Fwlib/STM32F10x_StdPeriph_Driver/src/stm32f10x_cec.o
CEC_ITConfig                                      ../Libraries/Stm32F10x_Fwlib/STM32F10x_StdPeriph_Driver/src/stm32f10x_cec.o
CEC_Init                                          ../Libraries/Stm32F10x_Fwlib/STM32F10x_StdPeriph_Driver/src/stm32f10x_cec.o
CEC_OwnAddressConfig                              ../Libraries/Stm32F10x_Fwlib/STM32F10x_StdPeriph_Driver/src/stm32f10x_cec.o
CEC_ReceiveDataByte                               ../Libraries/Stm32F10x_Fwlib/STM32F10x_StdPeriph_Driver/src/stm32f10x_cec.o
CEC_SendDataByte                                  ../Libraries/Stm32F10x_Fwlib/STM32F10x_StdPeriph_Driver/src/stm32f10x_cec.o
CEC_SetPrescaler                                  ../Libraries/Stm32F10x_Fwlib/STM32F10x_StdPeriph_Driver/src/stm32f10x_cec.o
CEC_StartOfMessage                                ../Libraries/Stm32F10x_Fwlib/STM32F10x_StdPeriph_Driver/src/stm32f10x_cec.o
CRC_CalcBlockCRC                                  ../Libraries/Stm32F10x_Fwlib/STM32F10x_StdPeriph_Driver/src/stm32f10x_crc.o
CRC_CalcCRC                                       ../Libraries/Stm32F10x_Fwlib/STM32F10x_StdPeriph_Driver/src/stm32f10x_crc.o
CRC_GetCRC                                        ../Libraries/Stm32F10x_Fwlib/STM32F10x_StdPeriph_Driver/src/stm32f10x_crc.o
CRC_GetIDRegister                                 ../Libraries/Stm32F10x_Fwlib/STM32F10x_StdPeriph_Driver/src/stm32f10x_crc.o
CRC_ResetDR                                       ../Libraries/Stm32F10x_Fwlib/STM32F10x_StdPeriph_Driver/src/stm32f10x_crc.o
CRC_SetIDRegister                                 ../Libraries/Stm32F10x_Fwlib/STM32F10x_StdPeriph_Driver/src/stm32f10x_crc.o
DAC_Cmd                                           ../Libraries/Stm32F10x_Fwlib/STM32F10x_StdPeriph_Driver/src/stm32f10x_dac.o
DAC_DMACmd                                        ../Libraries/Stm32F10x_Fwlib/STM32F10x_StdPeriph_Driver/src/stm32f10x_dac.o
DAC_DeInit                                        ../Libraries/Stm32F10x_Fwlib/STM32F10x_StdPeriph_Driver/src/stm32f10x_dac.o
DAC_DualSoftwareTriggerCmd                        ../Libraries/Stm32F10x_Fwlib/STM32F10x_StdPeriph_Driver/src/stm32f10x_dac.o
DAC_GetDataOutputValue                            ../Libraries/Stm32F10x_Fwlib/STM32F10x_StdPeriph_Driver/src/stm32f10x_dac.o
DAC_Init                                          ../Libraries/Stm32F10x_Fwlib/STM32F10x_StdPeriph_Driver/src/stm32f10x_dac.o
DAC_SetChannel1Data                               ../Libraries/Stm32F10x_Fwlib/STM32F10x_StdPeriph_Driver/src/stm32f10x_dac.o
DAC_SetChannel2Data                               ../Libraries/Stm32F10x_Fwlib/STM32F10x_StdPeriph_Driver/src/stm32f10x_dac.o
DAC_SetDualChannelData                            ../Libraries/Stm32F10x_Fwlib/STM32F10x_StdPeriph_Driver/src/stm32f10x_dac.o
DAC_SoftwareTriggerCmd                            ../Libraries/Stm32F10x_Fwlib/STM32F10x_StdPeriph_Driver/src/stm32f10x_dac.o
DAC_StructInit                                    ../Libraries/Stm32F10x_Fwlib/STM32F10x_StdPeriph_Driver/src/stm32f10x_dac.o
DAC_WaveGenerationCmd                             ../Libraries/Stm32F10x_Fwlib/STM32F10x_StdPeriph_Driver/src/stm32f10x_dac.o
DBGMCU_Config                                     ../Libraries/Stm32F10x_Fwlib/STM32F10x_StdPeriph_Driver/src/stm32f10x_dbgmcu.o
DBGMCU_GetDEVID                                   ../Libraries/Stm32F10x_Fwlib/STM32F10x_StdPeriph_Driver/src/stm32f10x_dbgmcu.o
DBGMCU_GetREVID                                   ../Libraries/Stm32F10x_Fwlib/STM32F10x_StdPeriph_Driver/src/stm32f10x_dbgmcu.o
DMA1_Channel1_IRQHandler                          ../Libraries/Stm32F10x_Fwlib/startup/startup_stm32f10x_md.o
DMA1_Channel2_IRQHandler                          ../Libraries/Stm32F10x_Fwlib/startup/startup_stm32f10x_md.o
DMA1_Channel3_IRQHandler                          ../Libraries/Stm32F10x_Fwlib/startup/startup_stm32f10x_md.o
DMA1_Channel4_IRQHandler                          ../Libraries/Stm32F10x_Fwlib/startup/startup_stm32f10x_md.o
DMA1_Channel5_IRQHandler                          ../Libraries/Stm32F10x_Fwlib/startup/startup_stm32f10x_md.o
DMA1_Channel6_IRQHandler                          ../Libraries/Stm32F10x_Fwlib/startup/startup_stm32f10x_md.o
DMA1_Channel7_IRQHandler                          ../Libraries/Stm32F10x_Fwlib/startup/startup_stm32f10x_md.o
DMA_ClearFlag                                     ../Libraries/Stm32F10x_Fwlib/STM32F10x_StdPeriph_Driver/src/stm32f10x_dma.o
DMA_ClearITPendingBit                             ../Libraries/Stm32F10x_Fwlib/STM32F10x_StdPeriph_Driver/src/stm32f10x_dma.o
DMA_Cmd                                           ../Libraries/Stm32F10x_Fwlib/STM32F10x_StdPeriph_Driver/src/stm32f10x_dma.o
DMA_DeInit                                        ../Libraries/Stm32F10x_Fwlib/STM32F10x_StdPeriph_Driver/src/stm32f10x_dma.o
DMA_GetCurrDataCounter                            ../Libraries/Stm32F10x_Fwlib/STM32F10x_StdPeriph_Driver/src/stm32f10x_dma.o
DMA_GetFlagStatus                                 ../Libraries/Stm32F10x_Fwlib/STM32F10x_StdPeriph_Driver/src/stm32f10x_dma.o
DMA_GetITStatus                                   ../Libraries/Stm32F10x_Fwlib/STM32F10x_StdPeriph_Driver/src/stm32f10x_dma.o
DMA_ITConfig                                      ../Libraries/Stm32F10x_Fwlib/STM32F10x_StdPeriph_Driver/src/stm32f10x_dma.o
DMA_Init                                          ../Libraries/Stm32F10x_Fwlib/STM32F10x_StdPeriph_Driver/src/stm32f10x_dma.o
DMA_SetCurrDataCounter                            ../Libraries/Stm32F10x_Fwlib/STM32F10x_StdPeriph_Driver/src/stm32f10x_dma.o
DMA_StructInit                                    ../Libraries/Stm32F10x_Fwlib/STM32F10x_StdPeriph_Driver/src/stm32f10x_dma.o
DebugMon_Handler                                  ../User/stm32f10x_it.o
                                                  ../Libraries/Stm32F10x_Fwlib/startup/startup_stm32f10x_md.o
Default_Handler                                   ../Libraries/Stm32F10x_Fwlib/startup/startup_stm32f10x_md.o
Delay_Init                                        ../Drivers/stm32_delay.o
                                                  ../User/main.o
Delay_Ms                                          ../Drivers/stm32_delay.o
                                                  ../User/main.o
Delay_Us                                          ../Drivers/stm32_delay.o
EXTI0_IRQHandler                                  ../Libraries/Stm32F10x_Fwlib/startup/startup_stm32f10x_md.o
EXTI15_10_IRQHandler                              ../Libraries/Stm32F10x_Fwlib/startup/startup_stm32f10x_md.o
EXTI1_IRQHandler                                  ../Libraries/Stm32F10x_Fwlib/startup/startup_stm32f10x_md.o
EXTI2_IRQHandler                                  ../Libraries/Stm32F10x_Fwlib/startup/startup_stm32f10x_md.o
EXTI3_IRQHandler                                  ../Libraries/Stm32F10x_Fwlib/startup/startup_stm32f10x_md.o
EXTI4_IRQHandler                                  ../Libraries/Stm32F10x_Fwlib/startup/startup_stm32f10x_md.o
EXTI9_5_IRQHandler                                ../Libraries/Stm32F10x_Fwlib/startup/startup_stm32f10x_md.o
EXTI_ClearFlag                                    ../Libraries/Stm32F10x_Fwlib/STM32F10x_StdPeriph_Driver/src/stm32f10x_exti.o
EXTI_ClearITPendingBit                            ../Libraries/Stm32F10x_Fwlib/STM32F10x_StdPeriph_Driver/src/stm32f10x_exti.o
EXTI_DeInit                                       ../Libraries/Stm32F10x_Fwlib/STM32F10x_StdPeriph_Driver/src/stm32f10x_exti.o
EXTI_GenerateSWInterrupt                          ../Libraries/Stm32F10x_Fwlib/STM32F10x_StdPeriph_Driver/src/stm32f10x_exti.o
EXTI_GetFlagStatus                                ../Libraries/Stm32F10x_Fwlib/STM32F10x_StdPeriph_Driver/src/stm32f10x_exti.o
EXTI_GetITStatus                                  ../Libraries/Stm32F10x_Fwlib/STM32F10x_StdPeriph_Driver/src/stm32f10x_exti.o
EXTI_Init                                         ../Libraries/Stm32F10x_Fwlib/STM32F10x_StdPeriph_Driver/src/stm32f10x_exti.o
EXTI_StructInit                                   ../Libraries/Stm32F10x_Fwlib/STM32F10x_StdPeriph_Driver/src/stm32f10x_exti.o
FLASH_ClearFlag                                   ../Libraries/Stm32F10x_Fwlib/STM32F10x_StdPeriph_Driver/src/stm32f10x_flash.o
FLASH_EnableWriteProtection                       ../Libraries/Stm32F10x_Fwlib/STM32F10x_StdPeriph_Driver/src/stm32f10x_flash.o
FLASH_EraseAllBank1Pages                          ../Libraries/Stm32F10x_Fwlib/STM32F10x_StdPeriph_Driver/src/stm32f10x_flash.o
FLASH_EraseAllPages                               ../Libraries/Stm32F10x_Fwlib/STM32F10x_StdPeriph_Driver/src/stm32f10x_flash.o
FLASH_EraseOptionBytes                            ../Libraries/Stm32F10x_Fwlib/STM32F10x_StdPeriph_Driver/src/stm32f10x_flash.o
FLASH_ErasePage                                   ../Libraries/Stm32F10x_Fwlib/STM32F10x_StdPeriph_Driver/src/stm32f10x_flash.o
FLASH_GetBank1Status                              ../Libraries/Stm32F10x_Fwlib/STM32F10x_StdPeriph_Driver/src/stm32f10x_flash.o
FLASH_GetFlagStatus                               ../Libraries/Stm32F10x_Fwlib/STM32F10x_StdPeriph_Driver/src/stm32f10x_flash.o
FLASH_GetPrefetchBufferStatus                     ../Libraries/Stm32F10x_Fwlib/STM32F10x_StdPeriph_Driver/src/stm32f10x_flash.o
FLASH_GetReadOutProtectionStatus                  ../Libraries/Stm32F10x_Fwlib/STM32F10x_StdPeriph_Driver/src/stm32f10x_flash.o
FLASH_GetStatus                                   ../Libraries/Stm32F10x_Fwlib/STM32F10x_StdPeriph_Driver/src/stm32f10x_flash.o
FLASH_GetUserOptionByte                           ../Libraries/Stm32F10x_Fwlib/STM32F10x_StdPeriph_Driver/src/stm32f10x_flash.o
FLASH_GetWriteProtectionOptionByte                ../Libraries/Stm32F10x_Fwlib/STM32F10x_StdPeriph_Driver/src/stm32f10x_flash.o
FLASH_HalfCycleAccessCmd                          ../Libraries/Stm32F10x_Fwlib/STM32F10x_StdPeriph_Driver/src/stm32f10x_flash.o
FLASH_IRQHandler                                  ../Libraries/Stm32F10x_Fwlib/startup/startup_stm32f10x_md.o
FLASH_ITConfig                                    ../Libraries/Stm32F10x_Fwlib/STM32F10x_StdPeriph_Driver/src/stm32f10x_flash.o
FLASH_Lock                                        ../Libraries/Stm32F10x_Fwlib/STM32F10x_StdPeriph_Driver/src/stm32f10x_flash.o
FLASH_LockBank1                                   ../Libraries/Stm32F10x_Fwlib/STM32F10x_StdPeriph_Driver/src/stm32f10x_flash.o
FLASH_PrefetchBufferCmd                           ../Libraries/Stm32F10x_Fwlib/STM32F10x_StdPeriph_Driver/src/stm32f10x_flash.o
FLASH_ProgramHalfWord                             ../Libraries/Stm32F10x_Fwlib/STM32F10x_StdPeriph_Driver/src/stm32f10x_flash.o
FLASH_ProgramOptionByteData                       ../Libraries/Stm32F10x_Fwlib/STM32F10x_StdPeriph_Driver/src/stm32f10x_flash.o
FLASH_ProgramWord                                 ../Libraries/Stm32F10x_Fwlib/STM32F10x_StdPeriph_Driver/src/stm32f10x_flash.o
FLASH_ReadOutProtection                           ../Libraries/Stm32F10x_Fwlib/STM32F10x_StdPeriph_Driver/src/stm32f10x_flash.o
FLASH_SetLatency                                  ../Libraries/Stm32F10x_Fwlib/STM32F10x_StdPeriph_Driver/src/stm32f10x_flash.o
FLASH_Unlock                                      ../Libraries/Stm32F10x_Fwlib/STM32F10x_StdPeriph_Driver/src/stm32f10x_flash.o
FLASH_UnlockBank1                                 ../Libraries/Stm32F10x_Fwlib/STM32F10x_StdPeriph_Driver/src/stm32f10x_flash.o
FLASH_UserOptionByteConfig                        ../Libraries/Stm32F10x_Fwlib/STM32F10x_StdPeriph_Driver/src/stm32f10x_flash.o
FLASH_WaitForLastBank1Operation                   ../Libraries/Stm32F10x_Fwlib/STM32F10x_StdPeriph_Driver/src/stm32f10x_flash.o
FLASH_WaitForLastOperation                        ../Libraries/Stm32F10x_Fwlib/STM32F10x_StdPeriph_Driver/src/stm32f10x_flash.o
FSMC_ClearFlag                                    ../Libraries/Stm32F10x_Fwlib/STM32F10x_StdPeriph_Driver/src/stm32f10x_fsmc.o
FSMC_ClearITPendingBit                            ../Libraries/Stm32F10x_Fwlib/STM32F10x_StdPeriph_Driver/src/stm32f10x_fsmc.o
FSMC_GetECC                                       ../Libraries/Stm32F10x_Fwlib/STM32F10x_StdPeriph_Driver/src/stm32f10x_fsmc.o
FSMC_GetFlagStatus                                ../Libraries/Stm32F10x_Fwlib/STM32F10x_StdPeriph_Driver/src/stm32f10x_fsmc.o
FSMC_GetITStatus                                  ../Libraries/Stm32F10x_Fwlib/STM32F10x_StdPeriph_Driver/src/stm32f10x_fsmc.o
FSMC_ITConfig                                     ../Libraries/Stm32F10x_Fwlib/STM32F10x_StdPeriph_Driver/src/stm32f10x_fsmc.o
FSMC_NANDCmd                                      ../Libraries/Stm32F10x_Fwlib/STM32F10x_StdPeriph_Driver/src/stm32f10x_fsmc.o
FSMC_NANDDeInit                                   ../Libraries/Stm32F10x_Fwlib/STM32F10x_StdPeriph_Driver/src/stm32f10x_fsmc.o
FSMC_NANDECCCmd                                   ../Libraries/Stm32F10x_Fwlib/STM32F10x_StdPeriph_Driver/src/stm32f10x_fsmc.o
FSMC_NANDInit                                     ../Libraries/Stm32F10x_Fwlib/STM32F10x_StdPeriph_Driver/src/stm32f10x_fsmc.o
FSMC_NANDStructInit                               ../Libraries/Stm32F10x_Fwlib/STM32F10x_StdPeriph_Driver/src/stm32f10x_fsmc.o
FSMC_NORSRAMCmd                                   ../Libraries/Stm32F10x_Fwlib/STM32F10x_StdPeriph_Driver/src/stm32f10x_fsmc.o
FSMC_NORSRAMDeInit                                ../Libraries/Stm32F10x_Fwlib/STM32F10x_StdPeriph_Driver/src/stm32f10x_fsmc.o
FSMC_NORSRAMInit                                  ../Libraries/Stm32F10x_Fwlib/STM32F10x_StdPeriph_Driver/src/stm32f10x_fsmc.o
FSMC_NORSRAMStructInit                            ../Libraries/Stm32F10x_Fwlib/STM32F10x_StdPeriph_Driver/src/stm32f10x_fsmc.o
FSMC_PCCARDCmd                                    ../Libraries/Stm32F10x_Fwlib/STM32F10x_StdPeriph_Driver/src/stm32f10x_fsmc.o
FSMC_PCCARDDeInit                                 ../Libraries/Stm32F10x_Fwlib/STM32F10x_StdPeriph_Driver/src/stm32f10x_fsmc.o
FSMC_PCCARDInit                                   ../Libraries/Stm32F10x_Fwlib/STM32F10x_StdPeriph_Driver/src/stm32f10x_fsmc.o
FSMC_PCCARDStructInit                             ../Libraries/Stm32F10x_Fwlib/STM32F10x_StdPeriph_Driver/src/stm32f10x_fsmc.o
GPIO_AFIODeInit                                   ../Libraries/Stm32F10x_Fwlib/STM32F10x_StdPeriph_Driver/src/stm32f10x_gpio.o
GPIO_DeInit                                       ../Libraries/Stm32F10x_Fwlib/STM32F10x_StdPeriph_Driver/src/stm32f10x_gpio.o
GPIO_ETH_MediaInterfaceConfig                     ../Libraries/Stm32F10x_Fwlib/STM32F10x_StdPeriph_Driver/src/stm32f10x_gpio.o
GPIO_EXTILineConfig                               ../Libraries/Stm32F10x_Fwlib/STM32F10x_StdPeriph_Driver/src/stm32f10x_gpio.o
GPIO_EventOutputCmd                               ../Libraries/Stm32F10x_Fwlib/STM32F10x_StdPeriph_Driver/src/stm32f10x_gpio.o
GPIO_EventOutputConfig                            ../Libraries/Stm32F10x_Fwlib/STM32F10x_StdPeriph_Driver/src/stm32f10x_gpio.o
GPIO_Init                                         ../Libraries/Stm32F10x_Fwlib/STM32F10x_StdPeriph_Driver/src/stm32f10x_gpio.o
                                                  ../User/main.o
GPIO_PinLockConfig                                ../Libraries/Stm32F10x_Fwlib/STM32F10x_StdPeriph_Driver/src/stm32f10x_gpio.o
GPIO_PinRemapConfig                               ../Libraries/Stm32F10x_Fwlib/STM32F10x_StdPeriph_Driver/src/stm32f10x_gpio.o
GPIO_ReadInputData                                ../Libraries/Stm32F10x_Fwlib/STM32F10x_StdPeriph_Driver/src/stm32f10x_gpio.o
GPIO_ReadInputDataBit                             ../Libraries/Stm32F10x_Fwlib/STM32F10x_StdPeriph_Driver/src/stm32f10x_gpio.o
GPIO_ReadOutputData                               ../Libraries/Stm32F10x_Fwlib/STM32F10x_StdPeriph_Driver/src/stm32f10x_gpio.o
GPIO_ReadOutputDataBit                            ../Libraries/Stm32F10x_Fwlib/STM32F10x_StdPeriph_Driver/src/stm32f10x_gpio.o
GPIO_ResetBits                                    ../Libraries/Stm32F10x_Fwlib/STM32F10x_StdPeriph_Driver/src/stm32f10x_gpio.o
                                                  ../User/main.o
GPIO_SetBits                                      ../Libraries/Stm32F10x_Fwlib/STM32F10x_StdPeriph_Driver/src/stm32f10x_gpio.o
                                                  ../User/main.o
GPIO_StructInit                                   ../Libraries/Stm32F10x_Fwlib/STM32F10x_StdPeriph_Driver/src/stm32f10x_gpio.o
GPIO_Write                                        ../Libraries/Stm32F10x_Fwlib/STM32F10x_StdPeriph_Driver/src/stm32f10x_gpio.o
GPIO_WriteBit                                     ../Libraries/Stm32F10x_Fwlib/STM32F10x_StdPeriph_Driver/src/stm32f10x_gpio.o
HardFault_Handler                                 ../User/stm32f10x_it.o
                                                  ../Libraries/Stm32F10x_Fwlib/startup/startup_stm32f10x_md.o
I2C1_ER_IRQHandler                                ../Libraries/Stm32F10x_Fwlib/startup/startup_stm32f10x_md.o
I2C1_EV_IRQHandler                                ../Libraries/Stm32F10x_Fwlib/startup/startup_stm32f10x_md.o
I2C2_ER_IRQHandler                                ../Libraries/Stm32F10x_Fwlib/startup/startup_stm32f10x_md.o
I2C2_EV_IRQHandler                                ../Libraries/Stm32F10x_Fwlib/startup/startup_stm32f10x_md.o
I2C_ARPCmd                                        ../Libraries/Stm32F10x_Fwlib/STM32F10x_StdPeriph_Driver/src/stm32f10x_i2c.o
I2C_AcknowledgeConfig                             ../Libraries/Stm32F10x_Fwlib/STM32F10x_StdPeriph_Driver/src/stm32f10x_i2c.o
I2C_CalculatePEC                                  ../Libraries/Stm32F10x_Fwlib/STM32F10x_StdPeriph_Driver/src/stm32f10x_i2c.o
I2C_CheckEvent                                    ../Libraries/Stm32F10x_Fwlib/STM32F10x_StdPeriph_Driver/src/stm32f10x_i2c.o
I2C_ClearFlag                                     ../Libraries/Stm32F10x_Fwlib/STM32F10x_StdPeriph_Driver/src/stm32f10x_i2c.o
I2C_ClearITPendingBit                             ../Libraries/Stm32F10x_Fwlib/STM32F10x_StdPeriph_Driver/src/stm32f10x_i2c.o
I2C_Cmd                                           ../Libraries/Stm32F10x_Fwlib/STM32F10x_StdPeriph_Driver/src/stm32f10x_i2c.o
I2C_DMACmd                                        ../Libraries/Stm32F10x_Fwlib/STM32F10x_StdPeriph_Driver/src/stm32f10x_i2c.o
I2C_DMALastTransferCmd                            ../Libraries/Stm32F10x_Fwlib/STM32F10x_StdPeriph_Driver/src/stm32f10x_i2c.o
I2C_DeInit                                        ../Libraries/Stm32F10x_Fwlib/STM32F10x_StdPeriph_Driver/src/stm32f10x_i2c.o
I2C_DualAddressCmd                                ../Libraries/Stm32F10x_Fwlib/STM32F10x_StdPeriph_Driver/src/stm32f10x_i2c.o
I2C_FastModeDutyCycleConfig                       ../Libraries/Stm32F10x_Fwlib/STM32F10x_StdPeriph_Driver/src/stm32f10x_i2c.o
I2C_GeneralCallCmd                                ../Libraries/Stm32F10x_Fwlib/STM32F10x_StdPeriph_Driver/src/stm32f10x_i2c.o
I2C_GenerateSTART                                 ../Libraries/Stm32F10x_Fwlib/STM32F10x_StdPeriph_Driver/src/stm32f10x_i2c.o
I2C_GenerateSTOP                                  ../Libraries/Stm32F10x_Fwlib/STM32F10x_StdPeriph_Driver/src/stm32f10x_i2c.o
I2C_GetFlagStatus                                 ../Libraries/Stm32F10x_Fwlib/STM32F10x_StdPeriph_Driver/src/stm32f10x_i2c.o
I2C_GetITStatus                                   ../Libraries/Stm32F10x_Fwlib/STM32F10x_StdPeriph_Driver/src/stm32f10x_i2c.o
I2C_GetLastEvent                                  ../Libraries/Stm32F10x_Fwlib/STM32F10x_StdPeriph_Driver/src/stm32f10x_i2c.o
I2C_GetPEC                                        ../Libraries/Stm32F10x_Fwlib/STM32F10x_StdPeriph_Driver/src/stm32f10x_i2c.o
I2C_ITConfig                                      ../Libraries/Stm32F10x_Fwlib/STM32F10x_StdPeriph_Driver/src/stm32f10x_i2c.o
I2C_Init                                          ../Libraries/Stm32F10x_Fwlib/STM32F10x_StdPeriph_Driver/src/stm32f10x_i2c.o
I2C_NACKPositionConfig                            ../Libraries/Stm32F10x_Fwlib/STM32F10x_StdPeriph_Driver/src/stm32f10x_i2c.o
I2C_OwnAddress2Config                             ../Libraries/Stm32F10x_Fwlib/STM32F10x_StdPeriph_Driver/src/stm32f10x_i2c.o
I2C_PECPositionConfig                             ../Libraries/Stm32F10x_Fwlib/STM32F10x_StdPeriph_Driver/src/stm32f10x_i2c.o
I2C_ReadRegister                                  ../Libraries/Stm32F10x_Fwlib/STM32F10x_StdPeriph_Driver/src/stm32f10x_i2c.o
I2C_ReceiveData                                   ../Libraries/Stm32F10x_Fwlib/STM32F10x_StdPeriph_Driver/src/stm32f10x_i2c.o
I2C_SMBusAlertConfig                              ../Libraries/Stm32F10x_Fwlib/STM32F10x_StdPeriph_Driver/src/stm32f10x_i2c.o
I2C_Send7bitAddress                               ../Libraries/Stm32F10x_Fwlib/STM32F10x_StdPeriph_Driver/src/stm32f10x_i2c.o
I2C_SendData                                      ../Libraries/Stm32F10x_Fwlib/STM32F10x_StdPeriph_Driver/src/stm32f10x_i2c.o
I2C_SoftwareResetCmd                              ../Libraries/Stm32F10x_Fwlib/STM32F10x_StdPeriph_Driver/src/stm32f10x_i2c.o
I2C_StretchClockCmd                               ../Libraries/Stm32F10x_Fwlib/STM32F10x_StdPeriph_Driver/src/stm32f10x_i2c.o
I2C_StructInit                                    ../Libraries/Stm32F10x_Fwlib/STM32F10x_StdPeriph_Driver/src/stm32f10x_i2c.o
I2C_TransmitPEC                                   ../Libraries/Stm32F10x_Fwlib/STM32F10x_StdPeriph_Driver/src/stm32f10x_i2c.o
I2S_Cmd                                           ../Libraries/Stm32F10x_Fwlib/STM32F10x_StdPeriph_Driver/src/stm32f10x_spi.o
I2S_Init                                          ../Libraries/Stm32F10x_Fwlib/STM32F10x_StdPeriph_Driver/src/stm32f10x_spi.o
I2S_StructInit                                    ../Libraries/Stm32F10x_Fwlib/STM32F10x_StdPeriph_Driver/src/stm32f10x_spi.o
IWDG_Enable                                       ../Libraries/Stm32F10x_Fwlib/STM32F10x_StdPeriph_Driver/src/stm32f10x_iwdg.o
IWDG_GetFlagStatus                                ../Libraries/Stm32F10x_Fwlib/STM32F10x_StdPeriph_Driver/src/stm32f10x_iwdg.o
IWDG_ReloadCounter                                ../Libraries/Stm32F10x_Fwlib/STM32F10x_StdPeriph_Driver/src/stm32f10x_iwdg.o
IWDG_SetPrescaler                                 ../Libraries/Stm32F10x_Fwlib/STM32F10x_StdPeriph_Driver/src/stm32f10x_iwdg.o
IWDG_SetReload                                    ../Libraries/Stm32F10x_Fwlib/STM32F10x_StdPeriph_Driver/src/stm32f10x_iwdg.o
IWDG_WriteAccessCmd                               ../Libraries/Stm32F10x_Fwlib/STM32F10x_StdPeriph_Driver/src/stm32f10x_iwdg.o
LED_Init                                          ../User/main.o
MemManage_Handler                                 ../User/stm32f10x_it.o
                                                  ../Libraries/Stm32F10x_Fwlib/startup/startup_stm32f10x_md.o
NMI_Handler                                       ../User/stm32f10x_it.o
                                                  ../Libraries/Stm32F10x_Fwlib/startup/startup_stm32f10x_md.o
NVIC_Init                                         ../Libraries/Stm32F10x_Fwlib/STM32F10x_StdPeriph_Driver/src/misc.o
NVIC_PriorityGroupConfig                          ../Libraries/Stm32F10x_Fwlib/STM32F10x_StdPeriph_Driver/src/misc.o
NVIC_SetVectorTable                               ../Libraries/Stm32F10x_Fwlib/STM32F10x_StdPeriph_Driver/src/misc.o
NVIC_SystemLPConfig                               ../Libraries/Stm32F10x_Fwlib/STM32F10x_StdPeriph_Driver/src/misc.o
PVD_IRQHandler                                    ../Libraries/Stm32F10x_Fwlib/startup/startup_stm32f10x_md.o
PWR_BackupAccessCmd                               ../Libraries/Stm32F10x_Fwlib/STM32F10x_StdPeriph_Driver/src/stm32f10x_pwr.o
PWR_ClearFlag                                     ../Libraries/Stm32F10x_Fwlib/STM32F10x_StdPeriph_Driver/src/stm32f10x_pwr.o
PWR_DeInit                                        ../Libraries/Stm32F10x_Fwlib/STM32F10x_StdPeriph_Driver/src/stm32f10x_pwr.o
PWR_EnterSTANDBYMode                              ../Libraries/Stm32F10x_Fwlib/STM32F10x_StdPeriph_Driver/src/stm32f10x_pwr.o
PWR_EnterSTOPMode                                 ../Libraries/Stm32F10x_Fwlib/STM32F10x_StdPeriph_Driver/src/stm32f10x_pwr.o
PWR_GetFlagStatus                                 ../Libraries/Stm32F10x_Fwlib/STM32F10x_StdPeriph_Driver/src/stm32f10x_pwr.o
PWR_PVDCmd                                        ../Libraries/Stm32F10x_Fwlib/STM32F10x_StdPeriph_Driver/src/stm32f10x_pwr.o
PWR_PVDLevelConfig                                ../Libraries/Stm32F10x_Fwlib/STM32F10x_StdPeriph_Driver/src/stm32f10x_pwr.o
PWR_WakeUpPinCmd                                  ../Libraries/Stm32F10x_Fwlib/STM32F10x_StdPeriph_Driver/src/stm32f10x_pwr.o
PendSV_Handler                                    ../User/stm32f10x_it.o
                                                  ../Libraries/Stm32F10x_Fwlib/startup/startup_stm32f10x_md.o
RCC_ADCCLKConfig                                  ../Libraries/Stm32F10x_Fwlib/STM32F10x_StdPeriph_Driver/src/stm32f10x_rcc.o
RCC_AHBPeriphClockCmd                             ../Libraries/Stm32F10x_Fwlib/STM32F10x_StdPeriph_Driver/src/stm32f10x_rcc.o
RCC_APB1PeriphClockCmd                            ../Libraries/Stm32F10x_Fwlib/STM32F10x_StdPeriph_Driver/src/stm32f10x_rcc.o
RCC_APB1PeriphResetCmd                            ../Libraries/Stm32F10x_Fwlib/STM32F10x_StdPeriph_Driver/src/stm32f10x_rcc.o
                                                  ../Libraries/Stm32F10x_Fwlib/STM32F10x_StdPeriph_Driver/src/stm32f10x_dac.o
                                                  ../Libraries/Stm32F10x_Fwlib/STM32F10x_StdPeriph_Driver/src/stm32f10x_can.o
                                                  ../Libraries/Stm32F10x_Fwlib/STM32F10x_StdPeriph_Driver/src/stm32f10x_pwr.o
                                                  ../Libraries/Stm32F10x_Fwlib/STM32F10x_StdPeriph_Driver/src/stm32f10x_i2c.o
                                                  ../Libraries/Stm32F10x_Fwlib/STM32F10x_StdPeriph_Driver/src/stm32f10x_usart.o
                                                  ../Libraries/Stm32F10x_Fwlib/STM32F10x_StdPeriph_Driver/src/stm32f10x_tim.o
                                                  ../Libraries/Stm32F10x_Fwlib/STM32F10x_StdPeriph_Driver/src/stm32f10x_wwdg.o
                                                  ../Libraries/Stm32F10x_Fwlib/STM32F10x_StdPeriph_Driver/src/stm32f10x_cec.o
                                                  ../Libraries/Stm32F10x_Fwlib/STM32F10x_StdPeriph_Driver/src/stm32f10x_spi.o
RCC_APB2PeriphClockCmd                            ../Libraries/Stm32F10x_Fwlib/STM32F10x_StdPeriph_Driver/src/stm32f10x_rcc.o
                                                  ../User/main.o
RCC_APB2PeriphResetCmd                            ../Libraries/Stm32F10x_Fwlib/STM32F10x_StdPeriph_Driver/src/stm32f10x_rcc.o
                                                  ../Libraries/Stm32F10x_Fwlib/STM32F10x_StdPeriph_Driver/src/stm32f10x_usart.o
                                                  ../Libraries/Stm32F10x_Fwlib/STM32F10x_StdPeriph_Driver/src/stm32f10x_tim.o
                                                  ../Libraries/Stm32F10x_Fwlib/STM32F10x_StdPeriph_Driver/src/stm32f10x_adc.o
                                                  ../Libraries/Stm32F10x_Fwlib/STM32F10x_StdPeriph_Driver/src/stm32f10x_spi.o
                                                  ../Libraries/Stm32F10x_Fwlib/STM32F10x_StdPeriph_Driver/src/stm32f10x_gpio.o
RCC_AdjustHSICalibrationValue                     ../Libraries/Stm32F10x_Fwlib/STM32F10x_StdPeriph_Driver/src/stm32f10x_rcc.o
RCC_BackupResetCmd                                ../Libraries/Stm32F10x_Fwlib/STM32F10x_StdPeriph_Driver/src/stm32f10x_rcc.o
                                                  ../Libraries/Stm32F10x_Fwlib/STM32F10x_StdPeriph_Driver/src/stm32f10x_bkp.o
RCC_ClearFlag                                     ../Libraries/Stm32F10x_Fwlib/STM32F10x_StdPeriph_Driver/src/stm32f10x_rcc.o
RCC_ClearITPendingBit                             ../Libraries/Stm32F10x_Fwlib/STM32F10x_StdPeriph_Driver/src/stm32f10x_rcc.o
RCC_ClockSecuritySystemCmd                        ../Libraries/Stm32F10x_Fwlib/STM32F10x_StdPeriph_Driver/src/stm32f10x_rcc.o
RCC_DeInit                                        ../Libraries/Stm32F10x_Fwlib/STM32F10x_StdPeriph_Driver/src/stm32f10x_rcc.o
RCC_GetClocksFreq                                 ../Libraries/Stm32F10x_Fwlib/STM32F10x_StdPeriph_Driver/src/stm32f10x_rcc.o
                                                  ../Libraries/Stm32F10x_Fwlib/STM32F10x_StdPeriph_Driver/src/stm32f10x_i2c.o
                                                  ../Libraries/Stm32F10x_Fwlib/STM32F10x_StdPeriph_Driver/src/stm32f10x_usart.o
                                                  ../Libraries/Stm32F10x_Fwlib/STM32F10x_StdPeriph_Driver/src/stm32f10x_spi.o
RCC_GetFlagStatus                                 ../Libraries/Stm32F10x_Fwlib/STM32F10x_StdPeriph_Driver/src/stm32f10x_rcc.o
RCC_GetITStatus                                   ../Libraries/Stm32F10x_Fwlib/STM32F10x_StdPeriph_Driver/src/stm32f10x_rcc.o
RCC_GetSYSCLKSource                               ../Libraries/Stm32F10x_Fwlib/STM32F10x_StdPeriph_Driver/src/stm32f10x_rcc.o
RCC_HCLKConfig                                    ../Libraries/Stm32F10x_Fwlib/STM32F10x_StdPeriph_Driver/src/stm32f10x_rcc.o
RCC_HSEConfig                                     ../Libraries/Stm32F10x_Fwlib/STM32F10x_StdPeriph_Driver/src/stm32f10x_rcc.o
RCC_HSICmd                                        ../Libraries/Stm32F10x_Fwlib/STM32F10x_StdPeriph_Driver/src/stm32f10x_rcc.o
RCC_IRQHandler                                    ../Libraries/Stm32F10x_Fwlib/startup/startup_stm32f10x_md.o
RCC_ITConfig                                      ../Libraries/Stm32F10x_Fwlib/STM32F10x_StdPeriph_Driver/src/stm32f10x_rcc.o
RCC_LSEConfig                                     ../Libraries/Stm32F10x_Fwlib/STM32F10x_StdPeriph_Driver/src/stm32f10x_rcc.o
RCC_LSICmd                                        ../Libraries/Stm32F10x_Fwlib/STM32F10x_StdPeriph_Driver/src/stm32f10x_rcc.o
RCC_MCOConfig                                     ../Libraries/Stm32F10x_Fwlib/STM32F10x_StdPeriph_Driver/src/stm32f10x_rcc.o
RCC_PCLK1Config                                   ../Libraries/Stm32F10x_Fwlib/STM32F10x_StdPeriph_Driver/src/stm32f10x_rcc.o
RCC_PCLK2Config                                   ../Libraries/Stm32F10x_Fwlib/STM32F10x_StdPeriph_Driver/src/stm32f10x_rcc.o
RCC_PLLCmd                                        ../Libraries/Stm32F10x_Fwlib/STM32F10x_StdPeriph_Driver/src/stm32f10x_rcc.o
RCC_PLLConfig                                     ../Libraries/Stm32F10x_Fwlib/STM32F10x_StdPeriph_Driver/src/stm32f10x_rcc.o
RCC_RTCCLKCmd                                     ../Libraries/Stm32F10x_Fwlib/STM32F10x_StdPeriph_Driver/src/stm32f10x_rcc.o
RCC_RTCCLKConfig                                  ../Libraries/Stm32F10x_Fwlib/STM32F10x_StdPeriph_Driver/src/stm32f10x_rcc.o
RCC_SYSCLKConfig                                  ../Libraries/Stm32F10x_Fwlib/STM32F10x_StdPeriph_Driver/src/stm32f10x_rcc.o
RCC_USBCLKConfig                                  ../Libraries/Stm32F10x_Fwlib/STM32F10x_StdPeriph_Driver/src/stm32f10x_rcc.o
RCC_WaitForHSEStartUp                             ../Libraries/Stm32F10x_Fwlib/STM32F10x_StdPeriph_Driver/src/stm32f10x_rcc.o
RTCAlarm_IRQHandler                               ../Libraries/Stm32F10x_Fwlib/startup/startup_stm32f10x_md.o
RTC_ClearFlag                                     ../Libraries/Stm32F10x_Fwlib/STM32F10x_StdPeriph_Driver/src/stm32f10x_rtc.o
RTC_ClearITPendingBit                             ../Libraries/Stm32F10x_Fwlib/STM32F10x_StdPeriph_Driver/src/stm32f10x_rtc.o
RTC_EnterConfigMode                               ../Libraries/Stm32F10x_Fwlib/STM32F10x_StdPeriph_Driver/src/stm32f10x_rtc.o
RTC_ExitConfigMode                                ../Libraries/Stm32F10x_Fwlib/STM32F10x_StdPeriph_Driver/src/stm32f10x_rtc.o
RTC_GetCounter                                    ../Libraries/Stm32F10x_Fwlib/STM32F10x_StdPeriph_Driver/src/stm32f10x_rtc.o
RTC_GetDivider                                    ../Libraries/Stm32F10x_Fwlib/STM32F10x_StdPeriph_Driver/src/stm32f10x_rtc.o
RTC_GetFlagStatus                                 ../Libraries/Stm32F10x_Fwlib/STM32F10x_StdPeriph_Driver/src/stm32f10x_rtc.o
RTC_GetITStatus                                   ../Libraries/Stm32F10x_Fwlib/STM32F10x_StdPeriph_Driver/src/stm32f10x_rtc.o
RTC_IRQHandler                                    ../Libraries/Stm32F10x_Fwlib/startup/startup_stm32f10x_md.o
RTC_ITConfig                                      ../Libraries/Stm32F10x_Fwlib/STM32F10x_StdPeriph_Driver/src/stm32f10x_rtc.o
RTC_SetAlarm                                      ../Libraries/Stm32F10x_Fwlib/STM32F10x_StdPeriph_Driver/src/stm32f10x_rtc.o
RTC_SetCounter                                    ../Libraries/Stm32F10x_Fwlib/STM32F10x_StdPeriph_Driver/src/stm32f10x_rtc.o
RTC_SetPrescaler                                  ../Libraries/Stm32F10x_Fwlib/STM32F10x_StdPeriph_Driver/src/stm32f10x_rtc.o
RTC_WaitForLastTask                               ../Libraries/Stm32F10x_Fwlib/STM32F10x_StdPeriph_Driver/src/stm32f10x_rtc.o
RTC_WaitForSynchro                                ../Libraries/Stm32F10x_Fwlib/STM32F10x_StdPeriph_Driver/src/stm32f10x_rtc.o
Reset_Handler                                     ../Libraries/Stm32F10x_Fwlib/startup/startup_stm32f10x_md.o
SDIO_CEATAITCmd                                   ../Libraries/Stm32F10x_Fwlib/STM32F10x_StdPeriph_Driver/src/stm32f10x_sdio.o
SDIO_ClearFlag                                    ../Libraries/Stm32F10x_Fwlib/STM32F10x_StdPeriph_Driver/src/stm32f10x_sdio.o
SDIO_ClearITPendingBit                            ../Libraries/Stm32F10x_Fwlib/STM32F10x_StdPeriph_Driver/src/stm32f10x_sdio.o
SDIO_ClockCmd                                     ../Libraries/Stm32F10x_Fwlib/STM32F10x_StdPeriph_Driver/src/stm32f10x_sdio.o
SDIO_CmdStructInit                                ../Libraries/Stm32F10x_Fwlib/STM32F10x_StdPeriph_Driver/src/stm32f10x_sdio.o
SDIO_CommandCompletionCmd                         ../Libraries/Stm32F10x_Fwlib/STM32F10x_StdPeriph_Driver/src/stm32f10x_sdio.o
SDIO_DMACmd                                       ../Libraries/Stm32F10x_Fwlib/STM32F10x_StdPeriph_Driver/src/stm32f10x_sdio.o
SDIO_DataConfig                                   ../Libraries/Stm32F10x_Fwlib/STM32F10x_StdPeriph_Driver/src/stm32f10x_sdio.o
SDIO_DataStructInit                               ../Libraries/Stm32F10x_Fwlib/STM32F10x_StdPeriph_Driver/src/stm32f10x_sdio.o
SDIO_DeInit                                       ../Libraries/Stm32F10x_Fwlib/STM32F10x_StdPeriph_Driver/src/stm32f10x_sdio.o
SDIO_GetCommandResponse                           ../Libraries/Stm32F10x_Fwlib/STM32F10x_StdPeriph_Driver/src/stm32f10x_sdio.o
SDIO_GetDataCounter                               ../Libraries/Stm32F10x_Fwlib/STM32F10x_StdPeriph_Driver/src/stm32f10x_sdio.o
SDIO_GetFIFOCount                                 ../Libraries/Stm32F10x_Fwlib/STM32F10x_StdPeriph_Driver/src/stm32f10x_sdio.o
SDIO_GetFlagStatus                                ../Libraries/Stm32F10x_Fwlib/STM32F10x_StdPeriph_Driver/src/stm32f10x_sdio.o
SDIO_GetITStatus                                  ../Libraries/Stm32F10x_Fwlib/STM32F10x_StdPeriph_Driver/src/stm32f10x_sdio.o
SDIO_GetPowerState                                ../Libraries/Stm32F10x_Fwlib/STM32F10x_StdPeriph_Driver/src/stm32f10x_sdio.o
SDIO_GetResponse                                  ../Libraries/Stm32F10x_Fwlib/STM32F10x_StdPeriph_Driver/src/stm32f10x_sdio.o
SDIO_ITConfig                                     ../Libraries/Stm32F10x_Fwlib/STM32F10x_StdPeriph_Driver/src/stm32f10x_sdio.o
SDIO_Init                                         ../Libraries/Stm32F10x_Fwlib/STM32F10x_StdPeriph_Driver/src/stm32f10x_sdio.o
SDIO_ReadData                                     ../Libraries/Stm32F10x_Fwlib/STM32F10x_StdPeriph_Driver/src/stm32f10x_sdio.o
SDIO_SendCEATACmd                                 ../Libraries/Stm32F10x_Fwlib/STM32F10x_StdPeriph_Driver/src/stm32f10x_sdio.o
SDIO_SendCommand                                  ../Libraries/Stm32F10x_Fwlib/STM32F10x_StdPeriph_Driver/src/stm32f10x_sdio.o
SDIO_SendSDIOSuspendCmd                           ../Libraries/Stm32F10x_Fwlib/STM32F10x_StdPeriph_Driver/src/stm32f10x_sdio.o
SDIO_SetPowerState                                ../Libraries/Stm32F10x_Fwlib/STM32F10x_StdPeriph_Driver/src/stm32f10x_sdio.o
SDIO_SetSDIOOperation                             ../Libraries/Stm32F10x_Fwlib/STM32F10x_StdPeriph_Driver/src/stm32f10x_sdio.o
SDIO_SetSDIOReadWaitMode                          ../Libraries/Stm32F10x_Fwlib/STM32F10x_StdPeriph_Driver/src/stm32f10x_sdio.o
SDIO_StartSDIOReadWait                            ../Libraries/Stm32F10x_Fwlib/STM32F10x_StdPeriph_Driver/src/stm32f10x_sdio.o
SDIO_StopSDIOReadWait                             ../Libraries/Stm32F10x_Fwlib/STM32F10x_StdPeriph_Driver/src/stm32f10x_sdio.o
SDIO_StructInit                                   ../Libraries/Stm32F10x_Fwlib/STM32F10x_StdPeriph_Driver/src/stm32f10x_sdio.o
SDIO_WriteData                                    ../Libraries/Stm32F10x_Fwlib/STM32F10x_StdPeriph_Driver/src/stm32f10x_sdio.o
SPI1_IRQHandler                                   ../Libraries/Stm32F10x_Fwlib/startup/startup_stm32f10x_md.o
SPI2_IRQHandler                                   ../Libraries/Stm32F10x_Fwlib/startup/startup_stm32f10x_md.o
SPI_BiDirectionalLineConfig                       ../Libraries/Stm32F10x_Fwlib/STM32F10x_StdPeriph_Driver/src/stm32f10x_spi.o
SPI_CalculateCRC                                  ../Libraries/Stm32F10x_Fwlib/STM32F10x_StdPeriph_Driver/src/stm32f10x_spi.o
SPI_Cmd                                           ../Libraries/Stm32F10x_Fwlib/STM32F10x_StdPeriph_Driver/src/stm32f10x_spi.o
SPI_DataSizeConfig                                ../Libraries/Stm32F10x_Fwlib/STM32F10x_StdPeriph_Driver/src/stm32f10x_spi.o
SPI_GetCRC                                        ../Libraries/Stm32F10x_Fwlib/STM32F10x_StdPeriph_Driver/src/stm32f10x_spi.o
SPI_GetCRCPolynomial                              ../Libraries/Stm32F10x_Fwlib/STM32F10x_StdPeriph_Driver/src/stm32f10x_spi.o
SPI_I2S_ClearFlag                                 ../Libraries/Stm32F10x_Fwlib/STM32F10x_StdPeriph_Driver/src/stm32f10x_spi.o
SPI_I2S_ClearITPendingBit                         ../Libraries/Stm32F10x_Fwlib/STM32F10x_StdPeriph_Driver/src/stm32f10x_spi.o
SPI_I2S_DMACmd                                    ../Libraries/Stm32F10x_Fwlib/STM32F10x_StdPeriph_Driver/src/stm32f10x_spi.o
SPI_I2S_DeInit                                    ../Libraries/Stm32F10x_Fwlib/STM32F10x_StdPeriph_Driver/src/stm32f10x_spi.o
SPI_I2S_GetFlagStatus                             ../Libraries/Stm32F10x_Fwlib/STM32F10x_StdPeriph_Driver/src/stm32f10x_spi.o
SPI_I2S_GetITStatus                               ../Libraries/Stm32F10x_Fwlib/STM32F10x_StdPeriph_Driver/src/stm32f10x_spi.o
SPI_I2S_ITConfig                                  ../Libraries/Stm32F10x_Fwlib/STM32F10x_StdPeriph_Driver/src/stm32f10x_spi.o
SPI_I2S_ReceiveData                               ../Libraries/Stm32F10x_Fwlib/STM32F10x_StdPeriph_Driver/src/stm32f10x_spi.o
SPI_I2S_SendData                                  ../Libraries/Stm32F10x_Fwlib/STM32F10x_StdPeriph_Driver/src/stm32f10x_spi.o
SPI_Init                                          ../Libraries/Stm32F10x_Fwlib/STM32F10x_StdPeriph_Driver/src/stm32f10x_spi.o
SPI_NSSInternalSoftwareConfig                     ../Libraries/Stm32F10x_Fwlib/STM32F10x_StdPeriph_Driver/src/stm32f10x_spi.o
SPI_SSOutputCmd                                   ../Libraries/Stm32F10x_Fwlib/STM32F10x_StdPeriph_Driver/src/stm32f10x_spi.o
SPI_StructInit                                    ../Libraries/Stm32F10x_Fwlib/STM32F10x_StdPeriph_Driver/src/stm32f10x_spi.o
SPI_TransmitCRC                                   ../Libraries/Stm32F10x_Fwlib/STM32F10x_StdPeriph_Driver/src/stm32f10x_spi.o
SVC_Handler                                       ../User/stm32f10x_it.o
                                                  ../Libraries/Stm32F10x_Fwlib/startup/startup_stm32f10x_md.o
SysTick_CLKSourceConfig                           ../Libraries/Stm32F10x_Fwlib/STM32F10x_StdPeriph_Driver/src/misc.o
                                                  ../Drivers/stm32_delay.o
SysTick_Handler                                   ../User/stm32f10x_it.o
                                                  ../Libraries/Stm32F10x_Fwlib/startup/startup_stm32f10x_md.o
SystemCoreClock                                   ../Libraries/Stm32F10x_Fwlib/CMSIS/system_stm32f10x.o
                                                  ../Drivers/stm32_delay.o
SystemCoreClockUpdate                             ../Libraries/Stm32F10x_Fwlib/CMSIS/system_stm32f10x.o
SystemInit                                        ../Libraries/Stm32F10x_Fwlib/CMSIS/system_stm32f10x.o
                                                  ../Libraries/Stm32F10x_Fwlib/startup/startup_stm32f10x_md.o
TAMPER_IRQHandler                                 ../Libraries/Stm32F10x_Fwlib/startup/startup_stm32f10x_md.o
TIM1_BRK_IRQHandler                               ../Libraries/Stm32F10x_Fwlib/startup/startup_stm32f10x_md.o
TIM1_CC_IRQHandler                                ../Libraries/Stm32F10x_Fwlib/startup/startup_stm32f10x_md.o
TIM1_TRG_COM_IRQHandler                           ../Libraries/Stm32F10x_Fwlib/startup/startup_stm32f10x_md.o
TIM1_UP_IRQHandler                                ../Libraries/Stm32F10x_Fwlib/startup/startup_stm32f10x_md.o
TIM2_IRQHandler                                   ../Libraries/Stm32F10x_Fwlib/startup/startup_stm32f10x_md.o
TIM3_IRQHandler                                   ../Libraries/Stm32F10x_Fwlib/startup/startup_stm32f10x_md.o
TIM4_IRQHandler                                   ../Libraries/Stm32F10x_Fwlib/startup/startup_stm32f10x_md.o
TIM_ARRPreloadConfig                              ../Libraries/Stm32F10x_Fwlib/STM32F10x_StdPeriph_Driver/src/stm32f10x_tim.o
TIM_BDTRConfig                                    ../Libraries/Stm32F10x_Fwlib/STM32F10x_StdPeriph_Driver/src/stm32f10x_tim.o
TIM_BDTRStructInit                                ../Libraries/Stm32F10x_Fwlib/STM32F10x_StdPeriph_Driver/src/stm32f10x_tim.o
TIM_CCPreloadControl                              ../Libraries/Stm32F10x_Fwlib/STM32F10x_StdPeriph_Driver/src/stm32f10x_tim.o
TIM_CCxCmd                                        ../Libraries/Stm32F10x_Fwlib/STM32F10x_StdPeriph_Driver/src/stm32f10x_tim.o
TIM_CCxNCmd                                       ../Libraries/Stm32F10x_Fwlib/STM32F10x_StdPeriph_Driver/src/stm32f10x_tim.o
TIM_ClearFlag                                     ../Libraries/Stm32F10x_Fwlib/STM32F10x_StdPeriph_Driver/src/stm32f10x_tim.o
TIM_ClearITPendingBit                             ../Libraries/Stm32F10x_Fwlib/STM32F10x_StdPeriph_Driver/src/stm32f10x_tim.o
TIM_ClearOC1Ref                                   ../Libraries/Stm32F10x_Fwlib/STM32F10x_StdPeriph_Driver/src/stm32f10x_tim.o
TIM_ClearOC2Ref                                   ../Libraries/Stm32F10x_Fwlib/STM32F10x_StdPeriph_Driver/src/stm32f10x_tim.o
TIM_ClearOC3Ref                                   ../Libraries/Stm32F10x_Fwlib/STM32F10x_StdPeriph_Driver/src/stm32f10x_tim.o
TIM_ClearOC4Ref                                   ../Libraries/Stm32F10x_Fwlib/STM32F10x_StdPeriph_Driver/src/stm32f10x_tim.o
TIM_Cmd                                           ../Libraries/Stm32F10x_Fwlib/STM32F10x_StdPeriph_Driver/src/stm32f10x_tim.o
TIM_CounterModeConfig                             ../Libraries/Stm32F10x_Fwlib/STM32F10x_StdPeriph_Driver/src/stm32f10x_tim.o
TIM_CtrlPWMOutputs                                ../Libraries/Stm32F10x_Fwlib/STM32F10x_StdPeriph_Driver/src/stm32f10x_tim.o
TIM_DMACmd                                        ../Libraries/Stm32F10x_Fwlib/STM32F10x_StdPeriph_Driver/src/stm32f10x_tim.o
TIM_DMAConfig                                     ../Libraries/Stm32F10x_Fwlib/STM32F10x_StdPeriph_Driver/src/stm32f10x_tim.o
TIM_DeInit                                        ../Libraries/Stm32F10x_Fwlib/STM32F10x_StdPeriph_Driver/src/stm32f10x_tim.o
TIM_ETRClockMode1Config                           ../Libraries/Stm32F10x_Fwlib/STM32F10x_StdPeriph_Driver/src/stm32f10x_tim.o
TIM_ETRClockMode2Config                           ../Libraries/Stm32F10x_Fwlib/STM32F10x_StdPeriph_Driver/src/stm32f10x_tim.o
TIM_ETRConfig                                     ../Libraries/Stm32F10x_Fwlib/STM32F10x_StdPeriph_Driver/src/stm32f10x_tim.o
TIM_EncoderInterfaceConfig                        ../Libraries/Stm32F10x_Fwlib/STM32F10x_StdPeriph_Driver/src/stm32f10x_tim.o
TIM_ForcedOC1Config                               ../Libraries/Stm32F10x_Fwlib/STM32F10x_StdPeriph_Driver/src/stm32f10x_tim.o
TIM_ForcedOC2Config                               ../Libraries/Stm32F10x_Fwlib/STM32F10x_StdPeriph_Driver/src/stm32f10x_tim.o
TIM_ForcedOC3Config                               ../Libraries/Stm32F10x_Fwlib/STM32F10x_StdPeriph_Driver/src/stm32f10x_tim.o
TIM_ForcedOC4Config                               ../Libraries/Stm32F10x_Fwlib/STM32F10x_StdPeriph_Driver/src/stm32f10x_tim.o
TIM_GenerateEvent                                 ../Libraries/Stm32F10x_Fwlib/STM32F10x_StdPeriph_Driver/src/stm32f10x_tim.o
TIM_GetCapture1                                   ../Libraries/Stm32F10x_Fwlib/STM32F10x_StdPeriph_Driver/src/stm32f10x_tim.o
TIM_GetCapture2                                   ../Libraries/Stm32F10x_Fwlib/STM32F10x_StdPeriph_Driver/src/stm32f10x_tim.o
TIM_GetCapture3                                   ../Libraries/Stm32F10x_Fwlib/STM32F10x_StdPeriph_Driver/src/stm32f10x_tim.o
TIM_GetCapture4                                   ../Libraries/Stm32F10x_Fwlib/STM32F10x_StdPeriph_Driver/src/stm32f10x_tim.o
TIM_GetCounter                                    ../Libraries/Stm32F10x_Fwlib/STM32F10x_StdPeriph_Driver/src/stm32f10x_tim.o
TIM_GetFlagStatus                                 ../Libraries/Stm32F10x_Fwlib/STM32F10x_StdPeriph_Driver/src/stm32f10x_tim.o
TIM_GetITStatus                                   ../Libraries/Stm32F10x_Fwlib/STM32F10x_StdPeriph_Driver/src/stm32f10x_tim.o
TIM_GetPrescaler                                  ../Libraries/Stm32F10x_Fwlib/STM32F10x_StdPeriph_Driver/src/stm32f10x_tim.o
TIM_ICInit                                        ../Libraries/Stm32F10x_Fwlib/STM32F10x_StdPeriph_Driver/src/stm32f10x_tim.o
TIM_ICStructInit                                  ../Libraries/Stm32F10x_Fwlib/STM32F10x_StdPeriph_Driver/src/stm32f10x_tim.o
TIM_ITConfig                                      ../Libraries/Stm32F10x_Fwlib/STM32F10x_StdPeriph_Driver/src/stm32f10x_tim.o
TIM_ITRxExternalClockConfig                       ../Libraries/Stm32F10x_Fwlib/STM32F10x_StdPeriph_Driver/src/stm32f10x_tim.o
TIM_InternalClockConfig                           ../Libraries/Stm32F10x_Fwlib/STM32F10x_StdPeriph_Driver/src/stm32f10x_tim.o
TIM_OC1FastConfig                                 ../Libraries/Stm32F10x_Fwlib/STM32F10x_StdPeriph_Driver/src/stm32f10x_tim.o
TIM_OC1Init                                       ../Libraries/Stm32F10x_Fwlib/STM32F10x_StdPeriph_Driver/src/stm32f10x_tim.o
TIM_OC1NPolarityConfig                            ../Libraries/Stm32F10x_Fwlib/STM32F10x_StdPeriph_Driver/src/stm32f10x_tim.o
TIM_OC1PolarityConfig                             ../Libraries/Stm32F10x_Fwlib/STM32F10x_StdPeriph_Driver/src/stm32f10x_tim.o
TIM_OC1PreloadConfig                              ../Libraries/Stm32F10x_Fwlib/STM32F10x_StdPeriph_Driver/src/stm32f10x_tim.o
TIM_OC2FastConfig                                 ../Libraries/Stm32F10x_Fwlib/STM32F10x_StdPeriph_Driver/src/stm32f10x_tim.o
TIM_OC2Init                                       ../Libraries/Stm32F10x_Fwlib/STM32F10x_StdPeriph_Driver/src/stm32f10x_tim.o
TIM_OC2NPolarityConfig                            ../Libraries/Stm32F10x_Fwlib/STM32F10x_StdPeriph_Driver/src/stm32f10x_tim.o
TIM_OC2PolarityConfig                             ../Libraries/Stm32F10x_Fwlib/STM32F10x_StdPeriph_Driver/src/stm32f10x_tim.o
TIM_OC2PreloadConfig                              ../Libraries/Stm32F10x_Fwlib/STM32F10x_StdPeriph_Driver/src/stm32f10x_tim.o
TIM_OC3FastConfig                                 ../Libraries/Stm32F10x_Fwlib/STM32F10x_StdPeriph_Driver/src/stm32f10x_tim.o
TIM_OC3Init                                       ../Libraries/Stm32F10x_Fwlib/STM32F10x_StdPeriph_Driver/src/stm32f10x_tim.o
TIM_OC3NPolarityConfig                            ../Libraries/Stm32F10x_Fwlib/STM32F10x_StdPeriph_Driver/src/stm32f10x_tim.o
TIM_OC3PolarityConfig                             ../Libraries/Stm32F10x_Fwlib/STM32F10x_StdPeriph_Driver/src/stm32f10x_tim.o
TIM_OC3PreloadConfig                              ../Libraries/Stm32F10x_Fwlib/STM32F10x_StdPeriph_Driver/src/stm32f10x_tim.o
TIM_OC4FastConfig                                 ../Libraries/Stm32F10x_Fwlib/STM32F10x_StdPeriph_Driver/src/stm32f10x_tim.o
TIM_OC4Init                                       ../Libraries/Stm32F10x_Fwlib/STM32F10x_StdPeriph_Driver/src/stm32f10x_tim.o
TIM_OC4PolarityConfig                             ../Libraries/Stm32F10x_Fwlib/STM32F10x_StdPeriph_Driver/src/stm32f10x_tim.o
TIM_OC4PreloadConfig                              ../Libraries/Stm32F10x_Fwlib/STM32F10x_StdPeriph_Driver/src/stm32f10x_tim.o
TIM_OCStructInit                                  ../Libraries/Stm32F10x_Fwlib/STM32F10x_StdPeriph_Driver/src/stm32f10x_tim.o
TIM_PWMIConfig                                    ../Libraries/Stm32F10x_Fwlib/STM32F10x_StdPeriph_Driver/src/stm32f10x_tim.o
TIM_PrescalerConfig                               ../Libraries/Stm32F10x_Fwlib/STM32F10x_StdPeriph_Driver/src/stm32f10x_tim.o
TIM_SelectCCDMA                                   ../Libraries/Stm32F10x_Fwlib/STM32F10x_StdPeriph_Driver/src/stm32f10x_tim.o
TIM_SelectCOM                                     ../Libraries/Stm32F10x_Fwlib/STM32F10x_StdPeriph_Driver/src/stm32f10x_tim.o
TIM_SelectHallSensor                              ../Libraries/Stm32F10x_Fwlib/STM32F10x_StdPeriph_Driver/src/stm32f10x_tim.o
TIM_SelectInputTrigger                            ../Libraries/Stm32F10x_Fwlib/STM32F10x_StdPeriph_Driver/src/stm32f10x_tim.o
TIM_SelectMasterSlaveMode                         ../Libraries/Stm32F10x_Fwlib/STM32F10x_StdPeriph_Driver/src/stm32f10x_tim.o
TIM_SelectOCxM                                    ../Libraries/Stm32F10x_Fwlib/STM32F10x_StdPeriph_Driver/src/stm32f10x_tim.o
TIM_SelectOnePulseMode                            ../Libraries/Stm32F10x_Fwlib/STM32F10x_StdPeriph_Driver/src/stm32f10x_tim.o
TIM_SelectOutputTrigger                           ../Libraries/Stm32F10x_Fwlib/STM32F10x_StdPeriph_Driver/src/stm32f10x_tim.o
TIM_SelectSlaveMode                               ../Libraries/Stm32F10x_Fwlib/STM32F10x_StdPeriph_Driver/src/stm32f10x_tim.o
TIM_SetAutoreload                                 ../Libraries/Stm32F10x_Fwlib/STM32F10x_StdPeriph_Driver/src/stm32f10x_tim.o
TIM_SetClockDivision                              ../Libraries/Stm32F10x_Fwlib/STM32F10x_StdPeriph_Driver/src/stm32f10x_tim.o
TIM_SetCompare1                                   ../Libraries/Stm32F10x_Fwlib/STM32F10x_StdPeriph_Driver/src/stm32f10x_tim.o
TIM_SetCompare2                                   ../Libraries/Stm32F10x_Fwlib/STM32F10x_StdPeriph_Driver/src/stm32f10x_tim.o
TIM_SetCompare3                                   ../Libraries/Stm32F10x_Fwlib/STM32F10x_StdPeriph_Driver/src/stm32f10x_tim.o
TIM_SetCompare4                                   ../Libraries/Stm32F10x_Fwlib/STM32F10x_StdPeriph_Driver/src/stm32f10x_tim.o
TIM_SetCounter                                    ../Libraries/Stm32F10x_Fwlib/STM32F10x_StdPeriph_Driver/src/stm32f10x_tim.o
TIM_SetIC1Prescaler                               ../Libraries/Stm32F10x_Fwlib/STM32F10x_StdPeriph_Driver/src/stm32f10x_tim.o
TIM_SetIC2Prescaler                               ../Libraries/Stm32F10x_Fwlib/STM32F10x_StdPeriph_Driver/src/stm32f10x_tim.o
TIM_SetIC3Prescaler                               ../Libraries/Stm32F10x_Fwlib/STM32F10x_StdPeriph_Driver/src/stm32f10x_tim.o
TIM_SetIC4Prescaler                               ../Libraries/Stm32F10x_Fwlib/STM32F10x_StdPeriph_Driver/src/stm32f10x_tim.o
TIM_TIxExternalClockConfig                        ../Libraries/Stm32F10x_Fwlib/STM32F10x_StdPeriph_Driver/src/stm32f10x_tim.o
TIM_TimeBaseInit                                  ../Libraries/Stm32F10x_Fwlib/STM32F10x_StdPeriph_Driver/src/stm32f10x_tim.o
TIM_TimeBaseStructInit                            ../Libraries/Stm32F10x_Fwlib/STM32F10x_StdPeriph_Driver/src/stm32f10x_tim.o
TIM_UpdateDisableConfig                           ../Libraries/Stm32F10x_Fwlib/STM32F10x_StdPeriph_Driver/src/stm32f10x_tim.o
TIM_UpdateRequestConfig                           ../Libraries/Stm32F10x_Fwlib/STM32F10x_StdPeriph_Driver/src/stm32f10x_tim.o
USART1_IRQHandler                                 ../Libraries/Stm32F10x_Fwlib/startup/startup_stm32f10x_md.o
USART2_IRQHandler                                 ../Libraries/Stm32F10x_Fwlib/startup/startup_stm32f10x_md.o
USART3_IRQHandler                                 ../Libraries/Stm32F10x_Fwlib/startup/startup_stm32f10x_md.o
USART_ClearFlag                                   ../Libraries/Stm32F10x_Fwlib/STM32F10x_StdPeriph_Driver/src/stm32f10x_usart.o
USART_ClearITPendingBit                           ../Libraries/Stm32F10x_Fwlib/STM32F10x_StdPeriph_Driver/src/stm32f10x_usart.o
USART_ClockInit                                   ../Libraries/Stm32F10x_Fwlib/STM32F10x_StdPeriph_Driver/src/stm32f10x_usart.o
USART_ClockStructInit                             ../Libraries/Stm32F10x_Fwlib/STM32F10x_StdPeriph_Driver/src/stm32f10x_usart.o
USART_Cmd                                         ../Libraries/Stm32F10x_Fwlib/STM32F10x_StdPeriph_Driver/src/stm32f10x_usart.o
USART_DMACmd                                      ../Libraries/Stm32F10x_Fwlib/STM32F10x_StdPeriph_Driver/src/stm32f10x_usart.o
USART_DeInit                                      ../Libraries/Stm32F10x_Fwlib/STM32F10x_StdPeriph_Driver/src/stm32f10x_usart.o
USART_GetFlagStatus                               ../Libraries/Stm32F10x_Fwlib/STM32F10x_StdPeriph_Driver/src/stm32f10x_usart.o
USART_GetITStatus                                 ../Libraries/Stm32F10x_Fwlib/STM32F10x_StdPeriph_Driver/src/stm32f10x_usart.o
USART_HalfDuplexCmd                               ../Libraries/Stm32F10x_Fwlib/STM32F10x_StdPeriph_Driver/src/stm32f10x_usart.o
USART_ITConfig                                    ../Libraries/Stm32F10x_Fwlib/STM32F10x_StdPeriph_Driver/src/stm32f10x_usart.o
USART_Init                                        ../Libraries/Stm32F10x_Fwlib/STM32F10x_StdPeriph_Driver/src/stm32f10x_usart.o
USART_IrDACmd                                     ../Libraries/Stm32F10x_Fwlib/STM32F10x_StdPeriph_Driver/src/stm32f10x_usart.o
USART_IrDAConfig                                  ../Libraries/Stm32F10x_Fwlib/STM32F10x_StdPeriph_Driver/src/stm32f10x_usart.o
USART_LINBreakDetectLengthConfig                  ../Libraries/Stm32F10x_Fwlib/STM32F10x_StdPeriph_Driver/src/stm32f10x_usart.o
USART_LINCmd                                      ../Libraries/Stm32F10x_Fwlib/STM32F10x_StdPeriph_Driver/src/stm32f10x_usart.o
USART_OneBitMethodCmd                             ../Libraries/Stm32F10x_Fwlib/STM32F10x_StdPeriph_Driver/src/stm32f10x_usart.o
USART_OverSampling8Cmd                            ../Libraries/Stm32F10x_Fwlib/STM32F10x_StdPeriph_Driver/src/stm32f10x_usart.o
USART_ReceiveData                                 ../Libraries/Stm32F10x_Fwlib/STM32F10x_StdPeriph_Driver/src/stm32f10x_usart.o
USART_ReceiverWakeUpCmd                           ../Libraries/Stm32F10x_Fwlib/STM32F10x_StdPeriph_Driver/src/stm32f10x_usart.o
USART_SendBreak                                   ../Libraries/Stm32F10x_Fwlib/STM32F10x_StdPeriph_Driver/src/stm32f10x_usart.o
USART_SendData                                    ../Libraries/Stm32F10x_Fwlib/STM32F10x_StdPeriph_Driver/src/stm32f10x_usart.o
USART_SetAddress                                  ../Libraries/Stm32F10x_Fwlib/STM32F10x_StdPeriph_Driver/src/stm32f10x_usart.o
USART_SetGuardTime                                ../Libraries/Stm32F10x_Fwlib/STM32F10x_StdPeriph_Driver/src/stm32f10x_usart.o
USART_SetPrescaler                                ../Libraries/Stm32F10x_Fwlib/STM32F10x_StdPeriph_Driver/src/stm32f10x_usart.o
USART_SmartCardCmd                                ../Libraries/Stm32F10x_Fwlib/STM32F10x_StdPeriph_Driver/src/stm32f10x_usart.o
USART_SmartCardNACKCmd                            ../Libraries/Stm32F10x_Fwlib/STM32F10x_StdPeriph_Driver/src/stm32f10x_usart.o
USART_StructInit                                  ../Libraries/Stm32F10x_Fwlib/STM32F10x_StdPeriph_Driver/src/stm32f10x_usart.o
USART_WakeUpConfig                                ../Libraries/Stm32F10x_Fwlib/STM32F10x_StdPeriph_Driver/src/stm32f10x_usart.o
USBWakeUp_IRQHandler                              ../Libraries/Stm32F10x_Fwlib/startup/startup_stm32f10x_md.o
USB_HP_CAN1_TX_IRQHandler                         ../Libraries/Stm32F10x_Fwlib/startup/startup_stm32f10x_md.o
USB_LP_CAN1_RX0_IRQHandler                        ../Libraries/Stm32F10x_Fwlib/startup/startup_stm32f10x_md.o
UsageFault_Handler                                ../User/stm32f10x_it.o
                                                  ../Libraries/Stm32F10x_Fwlib/startup/startup_stm32f10x_md.o
WWDG_ClearFlag                                    ../Libraries/Stm32F10x_Fwlib/STM32F10x_StdPeriph_Driver/src/stm32f10x_wwdg.o
WWDG_DeInit                                       ../Libraries/Stm32F10x_Fwlib/STM32F10x_StdPeriph_Driver/src/stm32f10x_wwdg.o
WWDG_Enable                                       ../Libraries/Stm32F10x_Fwlib/STM32F10x_StdPeriph_Driver/src/stm32f10x_wwdg.o
WWDG_EnableIT                                     ../Libraries/Stm32F10x_Fwlib/STM32F10x_StdPeriph_Driver/src/stm32f10x_wwdg.o
WWDG_GetFlagStatus                                ../Libraries/Stm32F10x_Fwlib/STM32F10x_StdPeriph_Driver/src/stm32f10x_wwdg.o
WWDG_IRQHandler                                   ../Libraries/Stm32F10x_Fwlib/startup/startup_stm32f10x_md.o
WWDG_SetCounter                                   ../Libraries/Stm32F10x_Fwlib/STM32F10x_StdPeriph_Driver/src/stm32f10x_wwdg.o
WWDG_SetPrescaler                                 ../Libraries/Stm32F10x_Fwlib/STM32F10x_StdPeriph_Driver/src/stm32f10x_wwdg.o
WWDG_SetWindowValue                               ../Libraries/Stm32F10x_Fwlib/STM32F10x_StdPeriph_Driver/src/stm32f10x_wwdg.o
__LDREXB                                          ../Libraries/Stm32F10x_Fwlib/CMSIS/core_cm3.o
__LDREXH                                          ../Libraries/Stm32F10x_Fwlib/CMSIS/core_cm3.o
__LDREXW                                          ../Libraries/Stm32F10x_Fwlib/CMSIS/core_cm3.o
__RBIT                                            ../Libraries/Stm32F10x_Fwlib/CMSIS/core_cm3.o
__REV                                             ../Libraries/Stm32F10x_Fwlib/CMSIS/core_cm3.o
__REV16                                           ../Libraries/Stm32F10x_Fwlib/CMSIS/core_cm3.o
__REVSH                                           ../Libraries/Stm32F10x_Fwlib/CMSIS/core_cm3.o
__STREXB                                          ../Libraries/Stm32F10x_Fwlib/CMSIS/core_cm3.o
__STREXH                                          ../Libraries/Stm32F10x_Fwlib/CMSIS/core_cm3.o
__STREXW                                          ../Libraries/Stm32F10x_Fwlib/CMSIS/core_cm3.o
__get_BASEPRI                                     ../Libraries/Stm32F10x_Fwlib/CMSIS/core_cm3.o
__get_CONTROL                                     ../Libraries/Stm32F10x_Fwlib/CMSIS/core_cm3.o
__get_FAULTMASK                                   ../Libraries/Stm32F10x_Fwlib/CMSIS/core_cm3.o
__get_MSP                                         ../Libraries/Stm32F10x_Fwlib/CMSIS/core_cm3.o
__get_PRIMASK                                     ../Libraries/Stm32F10x_Fwlib/CMSIS/core_cm3.o
__get_PSP                                         ../Libraries/Stm32F10x_Fwlib/CMSIS/core_cm3.o
__set_BASEPRI                                     ../Libraries/Stm32F10x_Fwlib/CMSIS/core_cm3.o
__set_CONTROL                                     ../Libraries/Stm32F10x_Fwlib/CMSIS/core_cm3.o
__set_FAULTMASK                                   ../Libraries/Stm32F10x_Fwlib/CMSIS/core_cm3.o
__set_MSP                                         ../Libraries/Stm32F10x_Fwlib/CMSIS/core_cm3.o
__set_PRIMASK                                     ../Libraries/Stm32F10x_Fwlib/CMSIS/core_cm3.o
__set_PSP                                         ../Libraries/Stm32F10x_Fwlib/CMSIS/core_cm3.o
_ebss                                             ../Libraries/Stm32F10x_Fwlib/startup/startup_stm32f10x_md.o
_edata                                            ../Libraries/Stm32F10x_Fwlib/startup/startup_stm32f10x_md.o
_estack                                           ../Libraries/Stm32F10x_Fwlib/startup/startup_stm32f10x_md.o
_sbss                                             ../Libraries/Stm32F10x_Fwlib/startup/startup_stm32f10x_md.o
_sdata                                            ../Libraries/Stm32F10x_Fwlib/startup/startup_stm32f10x_md.o
_sidata                                           ../Libraries/Stm32F10x_Fwlib/startup/startup_stm32f10x_md.o
fac_ms                                            ../Drivers/stm32_delay.o
fac_us                                            ../Drivers/stm32_delay.o
g_pfnVectors                                      ../Libraries/Stm32F10x_Fwlib/startup/startup_stm32f10x_md.o
main                                              ../User/main.o
                                                  ../Libraries/Stm32F10x_Fwlib/startup/startup_stm32f10x_md.o